before|Read                      :                                              0 %\x0d
Partial                   : ##############                              33 %\x0d
Hi                        : #####################                       50 %\x0d
Done                      : ########################################## 100 %\x0d\x0a
after\x0a
