#!golden 1
#!case chan_authcap_retry
#!section exit
0
#!section stdout
Channel number             : 1
IPMI v1.5  auth types      : NONE MD5 PASSWORD\x20
Per message authentication : enabled
User level authentication  : enabled
Non-null user names exist  : yes
Null user names exist      : yes
Anonymous login enabled    : no
#!section stderr
#!section requests
> netfn=0x2c lun=0x00 cmd=0x00 target_cmd=0x00 data=00
< rule=default ccode=0xc1 len=0 data=
> netfn=0x2c lun=0x00 cmd=0x00 target_cmd=0x00 data=03
< rule=default ccode=0xc1 len=0 data=
> netfn=0x06 lun=0x00 cmd=0x38 target_cmd=0x00 data=81 04
< rule=get_channel_auth_capabilities_v20 ccode=0xcc len=0 data=
> netfn=0x06 lun=0x00 cmd=0x38 target_cmd=0x00 data=01 04
< rule=get_channel_auth_capabilities_v15 ccode=0x00 len=8 data=01 15 06 00 00 00 00 00
bye
