#!golden 1
#!case chan_info_ff
#!section exit
0
#!section stdout
Channel 0xe info:
  Channel Medium Type   : Unknown (0x7F)
  Channel Protocol Type : OEM 4
  Session Support       : session-based
  Active Session Count  : 63
  Protocol Vendor ID    : 13417386
#!section stderr
#!section requests
> netfn=0x2c lun=0x00 cmd=0x00 target_cmd=0x00 data=00
< rule=default ccode=0xc1 len=0 data=
> netfn=0x2c lun=0x00 cmd=0x00 target_cmd=0x00 data=03
< rule=default ccode=0xc1 len=0 data=
> netfn=0x06 lun=0x00 cmd=0x42 target_cmd=0x00 data=0e
< rule=get_channel_info ccode=0x00 len=9 data=fe ff ff ff aa bb cc dd ee
bye
