#!golden 1
#!case chan_info_sess_based
#!section exit
0
#!section stdout
Channel 0xf info:
  Channel Medium Type   : USB 1.x
  Channel Protocol Type : OEM 4
  Session Support       : session-based
  Active Session Count  : 63
  Protocol Vendor ID    : 7154
#!section stderr
#!section requests
> netfn=0x2c lun=0x00 cmd=0x00 target_cmd=0x00 data=00
< rule=default ccode=0xc1 len=0 data=
> netfn=0x2c lun=0x00 cmd=0x00 target_cmd=0x00 data=03
< rule=default ccode=0xc1 len=0 data=
> netfn=0x06 lun=0x00 cmd=0x42 target_cmd=0x00 data=0f
< rule=get_channel_info ccode=0x00 len=9 data=0f 0a 1f ff f2 1b 00 00 00
bye
