#!golden 1
#!case chan_setacc_get_fail
#!section exit
1
#!section stdout
#!section stderr
IPMI command failed: Insufficient privilege level
Unable to Get User Access (channel 1 id 2)
#!section requests
> netfn=0x2c lun=0x00 cmd=0x00 target_cmd=0x00 data=00
< rule=default ccode=0xc1 len=0 data=
> netfn=0x2c lun=0x00 cmd=0x00 target_cmd=0x00 data=03
< rule=default ccode=0xc1 len=0 data=
> netfn=0x06 lun=0x00 cmd=0x44 target_cmd=0x00 data=01 02
< rule=get_user_access ccode=0xd4 len=0 data=
bye
