#!golden 1
#!case chan_authcap_fail
#!section exit
1
#!section stdout
#!section stderr
Get Channel Authentication Capabilities failed: Insufficient privilege level
#!section requests
> netfn=0x2c lun=0x00 cmd=0x00 target_cmd=0x00 data=00
< rule=default ccode=0xc1 len=0 data=
> netfn=0x2c lun=0x00 cmd=0x00 target_cmd=0x00 data=03
< rule=default ccode=0xc1 len=0 data=
> netfn=0x06 lun=0x00 cmd=0x38 target_cmd=0x00 data=81 04
< rule=get_channel_auth_capabilities ccode=0xd4 len=0 data=
> netfn=0x06 lun=0x00 cmd=0x38 target_cmd=0x00 data=01 04
< rule=get_channel_auth_capabilities ccode=0xd4 len=0 data=
bye
