#!golden 1
#!case chan_info_lan
#!section exit
0
#!section stdout
Channel 0x1 info:
  Channel Medium Type   : 802.3 LAN
  Channel Protocol Type : IPMB-1.0
  Session Support       : multi-session
  Active Session Count  : 4
  Protocol Vendor ID    : 7154
  Volatile(active) Settings
    Alerting            : disabled
    Per-message Auth    : enabled
    User Level Auth     : enabled
    Access Mode         : always available
  Non-Volatile Settings
    Alerting            : enabled
    Per-message Auth    : disabled
    User Level Auth     : disabled
    Access Mode         : pre-boot only
#!section stderr
#!section requests
> netfn=0x2c lun=0x00 cmd=0x00 target_cmd=0x00 data=00
< rule=default ccode=0xc1 len=0 data=
> netfn=0x2c lun=0x00 cmd=0x00 target_cmd=0x00 data=03
< rule=default ccode=0xc1 len=0 data=
> netfn=0x06 lun=0x00 cmd=0x42 target_cmd=0x00 data=01
< rule=get_channel_info ccode=0x00 len=9 data=01 04 01 84 f2 1b 00 00 00
> netfn=0x06 lun=0x00 cmd=0x41 target_cmd=0x00 data=01 80
< rule=get_channel_access_volatile ccode=0x00 len=2 data=22 04
> netfn=0x06 lun=0x00 cmd=0x41 target_cmd=0x00 data=01 40
< rule=get_channel_access_nonvolatile ccode=0x00 len=2 data=19 03
bye
