#!golden 1
#!case chan_lan_access_off
#!section exit
0
#!section stdout
Set Channel Access for channel 1 was successful.
#!section stderr
#!section requests
> netfn=0x2c lun=0x00 cmd=0x00 target_cmd=0x00 data=00
< rule=default ccode=0xc1 len=0 data=
> netfn=0x2c lun=0x00 cmd=0x00 target_cmd=0x00 data=03
< rule=default ccode=0xc1 len=0 data=
> netfn=0x06 lun=0x00 cmd=0x42 target_cmd=0x00 data=01
< rule=get_channel_info ccode=0x00 len=9 data=01 04 01 84 f2 1b 00 00 00
> netfn=0x06 lun=0x00 cmd=0x41 target_cmd=0x00 data=01 40
< rule=get_channel_access_nonvolatile ccode=0x00 len=2 data=39 03
> netfn=0x06 lun=0x00 cmd=0x40 target_cmd=0x00 data=01 78 44
< rule=set_channel_access ccode=0x00 len=0 data=
> netfn=0x06 lun=0x00 cmd=0x41 target_cmd=0x00 data=01 80
< rule=get_channel_access_volatile ccode=0x00 len=2 data=12 05
> netfn=0x06 lun=0x00 cmd=0x40 target_cmd=0x00 data=01 90 84
< rule=set_channel_access ccode=0x00 len=0 data=
bye
