#!golden 1
#!case chassis_bootparam_set_bad_device
#!section exit
1
#!section stdout
#!section stderr
Invalid argument: frobnicate
#!section requests
> netfn=0x2c lun=0x00 cmd=0x00 target_cmd=0x00 data=00
< rule=default ccode=0xc1 len=0 data=
> netfn=0x2c lun=0x00 cmd=0x00 target_cmd=0x00 data=03
< rule=default ccode=0xc1 len=0 data=
> netfn=0x00 lun=0x00 cmd=0x08 target_cmd=0x00 data=00 01
< rule=set_boot_options ccode=0x00 len=0 data=
> netfn=0x00 lun=0x00 cmd=0x08 target_cmd=0x00 data=04 01 01
< rule=set_boot_options ccode=0x00 len=0 data=
> netfn=0x00 lun=0x00 cmd=0x08 target_cmd=0x00 data=00 00
< rule=set_boot_options ccode=0x00 len=0 data=
bye
