#!golden 1
#!case chassis_selftest_ccode
#!section exit
1
#!section stdout
#!section stderr
Error sending Get Self Test command: Command not supported in present state
#!section requests
> netfn=0x2c lun=0x00 cmd=0x00 target_cmd=0x00 data=00
< rule=default ccode=0xd5 len=0 data=
> netfn=0x2c lun=0x00 cmd=0x00 target_cmd=0x00 data=03
< rule=default ccode=0xd5 len=0 data=
> netfn=0x06 lun=0x00 cmd=0x04 target_cmd=0x00 data=
< rule=default ccode=0xd5 len=0 data=
bye
