#!golden 1
#!case chassis_bootparam_get_5_mux_bmc
#!section exit
0
#!section stdout
Boot parameter version: 1
Boot parameter 5 is valid/unlocked
Boot parameter data: 00000001a5
 Boot Flags :
   - Boot Flag Invalid
   - Options apply to only next boot
   - BIOS PC Compatible (legacy) boot\x20
   - Boot Device Selector : No override
   - BIOS verbosity : System Default
   - Console Redirection control : Console redirection occurs per BIOS configuration setting (default)
   - BIOS Mux Control Override : Requests BIOS to force mux to BMC at conclusion of POST/start of OS boot
#!section stderr
#!section requests
> netfn=0x2c lun=0x00 cmd=0x00 target_cmd=0x00 data=00
< rule=default ccode=0xc1 len=0 data=
> netfn=0x2c lun=0x00 cmd=0x00 target_cmd=0x00 data=03
< rule=default ccode=0xc1 len=0 data=
> netfn=0x00 lun=0x00 cmd=0x09 target_cmd=0x00 data=05 16 00
< rule=bootparam_5_mux_bmc ccode=0x00 len=7 data=01 05 00 00 00 01 a5
bye
