#!golden 1
#!case chassis_poh_count_le
#!section exit
0
#!section stdout
POH Counter  : 212097 days, 3 hours, 44 minutes
#!section stderr
#!section requests
> netfn=0x2c lun=0x00 cmd=0x00 target_cmd=0x00 data=00
< rule=default ccode=0xc1 len=0 data=
> netfn=0x2c lun=0x00 cmd=0x00 target_cmd=0x00 data=03
< rule=default ccode=0xc1 len=0 data=
> netfn=0x00 lun=0x00 cmd=0x0f target_cmd=0x00 data=
< rule=get_poh_counter ccode=0x00 len=5 data=01 80 56 34 12
bye
