#!golden 1
#!case chassis_identify_force_ccode
#!section exit
1
#!section stdout
#!section stderr
Set Chassis Identify failed: Command not supported in present state
Chassis may not support Force Identify On

#!section requests
> netfn=0x2c lun=0x00 cmd=0x00 target_cmd=0x00 data=00
< rule=default ccode=0xd5 len=0 data=
> netfn=0x2c lun=0x00 cmd=0x00 target_cmd=0x00 data=03
< rule=default ccode=0xd5 len=0 data=
> netfn=0x00 lun=0x00 cmd=0x04 target_cmd=0x00 data=00 01
< rule=default ccode=0xd5 len=0 data=
bye
