#!golden 1
#!case cmd_vita
#!section exit
0
#!section stdout
#!section stderr
VITA commands:
    properties        - get VSO properties
    frucontrol        - FRU control
    addrinfo          - get address information
    activate          - activate a FRU
    deactivate        - deactivate a FRU
    policy get        - get the FRU activation policy
    policy set        - set the FRU activation policy
    led prop          - get led properties
    led cap           - get led color capabilities
    led get           - get led state
    led set           - set led state
#!section requests
> netfn=0x2c lun=0x00 cmd=0x00 target_cmd=0x00 data=00
< rule=default ccode=0xc1 len=0 data=
> netfn=0x2c lun=0x00 cmd=0x00 target_cmd=0x00 data=03
< rule=default ccode=0xc1 len=0 data=
bye
