#!golden 1
#!case delloem_lan_set_conflict
#!section exit
1
#!section stdout
#!section stderr
ERROR: Cannot set shared with failover lom same as current shared lom.
#!section requests
> netfn=0x2c lun=0x00 cmd=0x00 target_cmd=0x00 data=00
< rule=default ccode=0xc1 len=0 data=
> netfn=0x2c lun=0x00 cmd=0x00 target_cmd=0x00 data=03
< rule=default ccode=0xc1 len=0 data=
> netfn=0x06 lun=0x00 cmd=0x59 target_cmd=0x00 data=00 dd 02 00
< rule=validator ccode=0x00 len=11 data=00 00 00 00 00 00 00 00 00 00 10
> netfn=0x30 lun=0x00 cmd=0x29 target_cmd=0x00 data=
< rule=nic_get ccode=0x00 len=2 data=02 03
bye
