#!golden 1
#!case ek_empty_multirec
#!section exit
1
#!section stdout
Start converting file '<WORK>/empty.fru'...
=================================================================
FRU Header Info
=================================================================
Format Version          :0x01\x20
Internal Use Offset     :0x00
Chassis Info Offset     :0x00
Board Info Offset       :0x00
Product Info Offset     :0x00
MultiRecord Offset      :0x00
Common header Checksum  :0xff
***empty list***
#!section stderr
There is no multi record in the file '<WORK>/empty.fru'
#!section requests
> netfn=0x2c lun=0x00 cmd=0x00 target_cmd=0x00 data=00
< rule=default ccode=0xc1 len=0 data=
> netfn=0x2c lun=0x00 cmd=0x00 target_cmd=0x00 data=03
< rule=default ccode=0xc1 len=0 data=
bye
