#!golden 1
#!case event_file_verbose
#!section exit
0
#!section stdout
SEL Record ID          : 0000
 Record Type           : 00
 Timestamp             : S+ 70/001 00:00:00 GMT
 Generator ID          : 0041
 EvM Revision          : 04
 Sensor Type           : Temperature
 Sensor Number         : 30
 Event Type            : Threshold
 Event Direction       : Assertion Event
 Event Data            : 09ffff
 Description           : Upper Critical going high

#!section stderr
Loading IANA PEN Registry...
>>> IPMI req
msg.data_len: 1
msg.netfn: 2c
msg.cmd: 0
msg.target_cmd: 0
msg.lun: 0
>>>
<<< IPMI rsp
ccode: c1
data_len: 0
msg.netfn: 2d
msg.cmd: 0
msg.seq: 0
msg.lun: 0
<<<
Running Get VSO Capabilities my_addr 0x20, transit 0, target 0x20
>>> IPMI req
msg.data_len: 1
msg.netfn: 2c
msg.cmd: 0
msg.target_cmd: 0
msg.lun: 0
>>>
<<< IPMI rsp
ccode: c1
data_len: 0
msg.netfn: 2d
msg.cmd: 0
msg.seq: 0
msg.lun: 0
<<<
Invalid completion code received: Invalid command
Discovered IPMB address 0x0
>>> IPMI req
msg.data_len: 1
msg.netfn: 6
msg.cmd: 42
msg.target_cmd: 0
msg.lun: 0
>>>
<<< IPMI rsp
ccode: 0
data_len: 9
msg.netfn: 7
msg.cmd: 42
msg.seq: 0
msg.lun: 0
<<<
>>> IPMI req
msg.data_len: 0
msg.netfn: 6
msg.cmd: 1
msg.target_cmd: 0
msg.lun: 0
>>>
<<< IPMI rsp
ccode: 0
data_len: 15
msg.netfn: 7
msg.cmd: 1
msg.seq: 0
msg.lun: 0
<<<
>>> IPMI req
msg.data_len: 0
msg.netfn: a
msg.cmd: 20
msg.target_cmd: 0
msg.lun: 0
>>>
<<< IPMI rsp
ccode: c1
data_len: 0
msg.netfn: b
msg.cmd: 20
msg.seq: 0
msg.lun: 0
<<<
Error obtaining SDR info: Invalid command
Unable to open SDR for reading
>>> IPMI req
msg.data_len: 7
msg.netfn: 4
msg.cmd: 2
msg.target_cmd: 0
msg.lun: 0
>>>
<<< IPMI rsp
ccode: 0
data_len: 0
msg.netfn: 5
msg.cmd: 2
msg.seq: 0
msg.lun: 0
<<<
#!section requests
> netfn=0x2c lun=0x00 cmd=0x00 target_cmd=0x00 data=00
< rule=default ccode=0xc1 len=0 data=
> netfn=0x2c lun=0x00 cmd=0x00 target_cmd=0x00 data=03
< rule=default ccode=0xc1 len=0 data=
> netfn=0x06 lun=0x00 cmd=0x42 target_cmd=0x00 data=0e
< rule=get_channel_info ccode=0x00 len=9 data=01 04 01 84 f2 1b 00 00 00
> netfn=0x06 lun=0x00 cmd=0x01 target_cmd=0x00 data=
< rule=get_device_id ccode=0x00 len=15 data=20 81 02 03 02 bf 57 01 00 01 00 00 00 00 00
> netfn=0x0a lun=0x00 cmd=0x20 target_cmd=0x00 data=
< rule=default ccode=0xc1 len=0 data=
> netfn=0x04 lun=0x00 cmd=0x02 target_cmd=0x00 data=04 01 30 01 09 ff ff
< rule=platform_event_message ccode=0x00 len=0 data=
bye
