#!golden 1
#!case fru_get_oem_missing
#!section exit
0
#!section stdout
   CCODE = 0xcb
#!section stderr
#!section requests
> netfn=0x2c lun=0x00 cmd=0x00 target_cmd=0x00 data=00
< rule=default ccode=0xc1 len=0 data=
> netfn=0x2c lun=0x00 cmd=0x00 target_cmd=0x00 data=03
< rule=default ccode=0xc1 len=0 data=
> netfn=0x0a lun=0x00 cmd=0x10 target_cmd=0x00 data=00
< rule=no_fru ccode=0xcb len=0 data=
bye
