#!golden 1
#!case fru_upg_ekey_valid
#!section exit
1
#!section stdout
#!section stderr
Failed to write FRU area.
#!section requests
> netfn=0x2c lun=0x00 cmd=0x00 target_cmd=0x00 data=00
< rule=default ccode=0xc1 len=0 data=
> netfn=0x2c lun=0x00 cmd=0x00 target_cmd=0x00 data=03
< rule=default ccode=0xc1 len=0 data=
> netfn=0x0a lun=0x00 cmd=0x10 target_cmd=0x00 data=00
< rule=get_fru_area_info ccode=0x00 len=3 data=00 01 00
> netfn=0x0a lun=0x00 cmd=0x11 target_cmd=0x00 data=00 00 00 08
< rule=read_fru_data ccode=0x00 len=9 data=08 01 00 01 04 0c 14 00 da
> netfn=0x0a lun=0x00 cmd=0x11 target_cmd=0x00 data=00 00 00 08
< rule=read_fru_data ccode=0x00 len=9 data=08 01 00 01 04 0c 14 00 da
> netfn=0x0a lun=0x00 cmd=0x11 target_cmd=0x00 data=00 a0 00 05
< rule=read_fru_data ccode=0x00 len=6 data=05 01 02 0d 20 f0
> netfn=0x0a lun=0x00 cmd=0x12 target_cmd=0x00 data=00 a0 00 01 02 0d 20 d0 01 b8 0b 9c ff 64 00 32 00 00 00 e8 03
< rule=write_fru_data ccode=0x00 len=1 data=01
> netfn=0x0a lun=0x00 cmd=0x12 target_cmd=0x00 data=00 b2 00 03 82 0b 73 fd 03 68 74 74 70 3a 2f 2f 62 6d 63
< rule=write_fru_data ccode=0x00 len=1 data=01
bye
