#!golden 1
#!case fru_get_kontron
#!section exit
0
#!section stdout
Kontron OEM Information Record
#!section stderr
#!section requests
> netfn=0x2c lun=0x00 cmd=0x00 target_cmd=0x00 data=00
< rule=default ccode=0xc1 len=0 data=
> netfn=0x2c lun=0x00 cmd=0x00 target_cmd=0x00 data=03
< rule=default ccode=0xc1 len=0 data=
> netfn=0x0a lun=0x00 cmd=0x10 target_cmd=0x00 data=00
< rule=get_fru_area_info ccode=0x00 len=3 data=20 00 00
> netfn=0x0a lun=0x00 cmd=0x11 target_cmd=0x00 data=00 00 00 08
< rule=read_fru_data ccode=0x00 len=9 data=08 01 00 00 00 00 01 00 fe
> netfn=0x0a lun=0x00 cmd=0x10 target_cmd=0x00 data=00
< rule=get_fru_area_info ccode=0x00 len=3 data=20 00 00
> netfn=0x0a lun=0x00 cmd=0x11 target_cmd=0x00 data=00 08 00 17
< rule=read_fru_data ccode=0x00 len=24 data=17 00 00 00 00 00 00 00 00 c0 82 06 2b 8d 98 3a 00 03 00 00 00 00 00 00
> netfn=0x0a lun=0x00 cmd=0x11 target_cmd=0x00 data=00 1f 00 01
< rule=read_fru_data ccode=0x00 len=2 data=01 00
bye
