#!golden 1
#!case fwum_info_old_short
#!section exit
0
#!section stdout
FWUM extension Version 1.3
Getting Kontron FWUM Info

IPMC Info
=========
Manufacturer Id           : 15000
Board Id                  : 5002
Firmware Revision         : 2.03 SDR 9

FWUM info
=========
Protocol Revision         : 06h
Controller Device Id      : 20h
Firmware Revision         : 7.42
Number Of Memory Bank     : 1
Protocol Revision          : <= 5 detected, adjusting buffers
#!section stderr
Loading IANA PEN Registry...
>>> IPMI req
msg.data_len: 1
msg.netfn: 2c
msg.cmd: 0
msg.target_cmd: 0
msg.lun: 0
>>>
<<< IPMI rsp
ccode: c1
data_len: 0
msg.netfn: 2d
msg.cmd: 0
msg.seq: 0
msg.lun: 0
<<<
Running Get VSO Capabilities my_addr 0x20, transit 0, target 0x20
>>> IPMI req
msg.data_len: 1
msg.netfn: 2c
msg.cmd: 0
msg.target_cmd: 0
msg.lun: 0
>>>
<<< IPMI rsp
ccode: c1
data_len: 0
msg.netfn: 2d
msg.cmd: 0
msg.seq: 0
msg.lun: 0
<<<
Invalid completion code received: Invalid command
Discovered IPMB address 0x0
>>> IPMI req
msg.data_len: 0
msg.netfn: 6
msg.cmd: 1
msg.target_cmd: 0
msg.lun: 0
>>>
<<< IPMI rsp
ccode: 0
data_len: 15
msg.netfn: 7
msg.cmd: 1
msg.seq: 0
msg.lun: 0
<<<
>>> IPMI req
msg.data_len: 0
msg.netfn: 8
msg.cmd: 0
msg.target_cmd: 0
msg.lun: 0
>>>
<<< IPMI rsp
ccode: 0
data_len: 6
msg.netfn: 9
msg.cmd: 0
msg.seq: 0
msg.lun: 0
<<<
#!section requests
> netfn=0x2c lun=0x00 cmd=0x00 target_cmd=0x00 data=00
< rule=default ccode=0xc1 len=0 data=
> netfn=0x2c lun=0x00 cmd=0x00 target_cmd=0x00 data=03
< rule=default ccode=0xc1 len=0 data=
> netfn=0x06 lun=0x00 cmd=0x01 target_cmd=0x00 data=
< rule=device ccode=0x00 len=15 data=20 81 02 03 02 bf 98 3a 00 8a 13 09 00 00 00
> netfn=0x08 lun=0x00 cmd=0x00 target_cmd=0x00 data=
< rule=info ccode=0x00 len=6 data=06 20 00 07 42 01
bye
