#!golden 1
#!case gd_read_error
#!section exit
1
#!section stdout
Locating sensor record 'EepOne'...
\x0dError: 0 percent completed, read not completed\x20
#!section stderr
Rx gendev command: read
Gendev read sdr name : EepOne
Gendev read file name: <WORK>/out.bin
I2C Master Write-Read command failed: Truncated Read
Retry
I2C Master Write-Read command failed: Truncated Read
Retry
I2C Master Write-Read command failed: Truncated Read
Retry
#!section requests
> netfn=0x2c lun=0x00 cmd=0x00 target_cmd=0x00 data=00
< rule=default ccode=0xc1 len=0 data=
> netfn=0x2c lun=0x00 cmd=0x00 target_cmd=0x00 data=03
< rule=default ccode=0xc1 len=0 data=
> netfn=0x06 lun=0x00 cmd=0x01 target_cmd=0x00 data=
< rule=device ccode=0x00 len=15 data=20 81 02 03 02 bf 57 01 00 01 00 00 00 00 00
> netfn=0x0a lun=0x00 cmd=0x20 target_cmd=0x00 data=
< rule=repository ccode=0x00 len=14 data=51 01 00 ff ff 00 00 00 00 00 00 00 00 02
> netfn=0x0a lun=0x00 cmd=0x22 target_cmd=0x00 data=
< rule=reserve ccode=0x00 len=2 data=a5 5a
> netfn=0x0a lun=0x00 cmd=0x23 target_cmd=0x00 data=a5 5a 00 00 00 05
< rule=first ccode=0x00 len=7 data=ff ff 34 12 51 10 1b
> netfn=0x0a lun=0x00 cmd=0x23 target_cmd=0x00 data=a5 5a 34 12 05 17
< rule=small ccode=0x00 len=25 data=ff ff 20 a6 b5 00 00 08 12 0b 23 5d c6 45 65 70 4f 6e 65 00 00 00 00 00 00
> netfn=0x0a lun=0x00 cmd=0x23 target_cmd=0x00 data=a5 5a 34 12 1c 04
< rule=small ccode=0x00 len=6 data=ff ff 00 00 00 00
> netfn=0x06 lun=0x00 cmd=0x52 target_cmd=0x00 data=5b a6 08 00
< rule=read_error ccode=0x84 len=0 data=
> netfn=0x06 lun=0x00 cmd=0x52 target_cmd=0x00 data=5b a6 08 00
< rule=read_error ccode=0x84 len=0 data=
> netfn=0x06 lun=0x00 cmd=0x52 target_cmd=0x00 data=5b a6 08 00
< rule=read_error ccode=0x84 len=0 data=
bye
#!section files
