#!golden 1
#!case hpm_component_version
#!section exit
0
#!section stdout
#!section stderr

PICMG HPM.1 Upgrade Agent 1.0.9:\x20

>>> IPMI req
msg.data_len: 3
msg.netfn: 2c
msg.cmd: 2f
msg.target_cmd: 0
msg.lun: 0
>>>
<<< IPMI rsp
ccode: 0
data_len: 7
msg.netfn: 2d
msg.cmd: 2f
msg.seq: 0
msg.lun: 0
<<<
Current Version:\x20
 Major: 1
 Minor: 2
 Aux  : 052 000 000 000

#!section requests
> netfn=0x2c lun=0x00 cmd=0x00 target_cmd=0x00 data=00
< rule=picmg_discover ccode=0x00 len=2 data=00 23
> netfn=0x2c lun=0x00 cmd=0x00 target_cmd=0x00 data=03
< rule=default ccode=0xc1 len=0 data=
> netfn=0x2c lun=0x00 cmd=0x2f target_cmd=0x00 data=00 00 01
< rule=hpm_comp0_current_version ccode=0x00 len=7 data=00 01 02 34 00 00 00
bye
