#!golden 1
#!case hpm_activate_override
#!section exit
0
#!section stdout
#!section stderr

PICMG HPM.1 Upgrade Agent 1.0.9:\x20

#!section requests
> netfn=0x2c lun=0x00 cmd=0x00 target_cmd=0x00 data=00
< rule=picmg_discover ccode=0x00 len=2 data=00 23
> netfn=0x2c lun=0x00 cmd=0x00 target_cmd=0x00 data=03
< rule=default ccode=0xc1 len=0 data=
> netfn=0x2c lun=0x00 cmd=0x35 target_cmd=0x00 data=00 01
< rule=hpm_activate ccode=0x00 len=1 data=00
bye
