#!golden 1
#!case ime_info_status_ccode
#!section exit
1
#!section stdout
Manufacturer Name          : Intel Corporation
Product ID                 : 2816 (0x0b00)
Product Name               : Unknown (0xB00)
Intel ME Firmware Revision : 12.03.04.456.7
SPS FW IPMI cmd version    : 2.1
Current Image Type         : Operational Image 1
#!section stderr
UpdatePrepare command failed: Invalid command
#!section requests
> netfn=0x2c lun=0x00 cmd=0x00 target_cmd=0x00 data=00
< rule=default ccode=0xc1 len=0 data=
> netfn=0x2c lun=0x00 cmd=0x00 target_cmd=0x00 data=03
< rule=default ccode=0xc1 len=0 data=
> netfn=0x06 lun=0x00 cmd=0x01 target_cmd=0x00 data=
< rule=intel_me ccode=0x00 len=15 data=00 00 12 34 51 bf 57 01 00 00 0b 21 45 67 01
> netfn=0x30 lun=0x00 cmd=0xa6 target_cmd=0x00 data=
< rule=rejected_status ccode=0xc1 len=0 data=
bye
