#!golden 1
#!case ime_update_one_verbose
#!section exit
0
#!section stdout
Percent: 100,  Elapsed time 00:00\x0d
UpdateCompleted, Activate now
Update Completed in 00:00
#!section stderr
ipmitool version <VERSION>

Loading IANA PEN Registry...
Running Get PICMG Properties my_addr 0x20, transit 0, target 0x20
>>> IPMI req
msg.data_len: 1
msg.netfn: 2c
msg.cmd: 0
msg.target_cmd: 0
msg.lun: 0
>>>
<<< IPMI rsp
ccode: c1
data_len: 0
msg.netfn: 2d
msg.cmd: 0
msg.seq: 0
msg.lun: 0
<<<
Error response 0xc1 from Get PICMG Properties
Running Get VSO Capabilities my_addr 0x20, transit 0, target 0x20
>>> IPMI req
msg.data_len: 1
msg.netfn: 2c
msg.cmd: 0
msg.target_cmd: 0
msg.lun: 0
>>>
<<< IPMI rsp
ccode: c1
data_len: 0
msg.netfn: 2d
msg.cmd: 0
msg.seq: 0
msg.lun: 0
<<<
Invalid completion code received: Invalid command
Acquire IPMB address
Discovered IPMB address 0x0
Interface address: my_addr 0x20 transit 0:0 target 0x20:0 ipmb_target 0

ipmi_ime_main()
Update using file: <WORK>/fw.bin
CRC8: 07h

>>> IPMI req
msg.data_len: 0
msg.netfn: 30
msg.cmd: a6
msg.target_cmd: 0
msg.lun: 0
>>>
<<< IPMI rsp
ccode: 0
data_len: 13
msg.netfn: 31
msg.cmd: a6
msg.seq: 0
msg.lun: 0
<<<
UpdatePrepare command succeed
>>> IPMI req
msg.data_len: 0
msg.netfn: 30
msg.cmd: a0
msg.target_cmd: 0
msg.lun: 0
>>>
<<< IPMI rsp
ccode: 0
data_len: 0
msg.netfn: 31
msg.cmd: a0
msg.seq: 0
msg.lun: 0
<<<
UpdatePrepare command succeed
>>> IPMI req
msg.data_len: 0
msg.netfn: 30
msg.cmd: a6
msg.target_cmd: 0
msg.lun: 0
>>>
<<< IPMI rsp
ccode: 0
data_len: 13
msg.netfn: 31
msg.cmd: a6
msg.seq: 0
msg.lun: 0
<<<
UpdatePrepare command succeed
>>> IPMI req
msg.data_len: 2
msg.netfn: 30
msg.cmd: a1
msg.target_cmd: 0
msg.lun: 0
>>>
<<< IPMI rsp
ccode: 0
data_len: 0
msg.netfn: 31
msg.cmd: a1
msg.seq: 0
msg.lun: 0
<<<
UpdateOpenArea command succeed
>>> IPMI req
msg.data_len: 0
msg.netfn: 30
msg.cmd: a6
msg.target_cmd: 0
msg.lun: 0
>>>
<<< IPMI rsp
ccode: 0
data_len: 13
msg.netfn: 31
msg.cmd: a6
msg.seq: 0
msg.lun: 0
<<<
UpdatePrepare command succeed
>>> IPMI req
msg.data_len: 2
msg.netfn: 30
msg.cmd: a2
msg.target_cmd: 0
msg.lun: 0
>>>
<<< IPMI rsp
ccode: 0
data_len: 0
msg.netfn: 31
msg.cmd: a2
msg.seq: 0
msg.lun: 0
<<<
UpdateWriteArea command succeed
>>> IPMI req
msg.data_len: 0
msg.netfn: 30
msg.cmd: a6
msg.target_cmd: 0
msg.lun: 0
>>>
<<< IPMI rsp
ccode: 0
data_len: 13
msg.netfn: 31
msg.cmd: a6
msg.seq: 0
msg.lun: 0
<<<
UpdatePrepare command succeed
>>> IPMI req
msg.data_len: 6
msg.netfn: 30
msg.cmd: a3
msg.target_cmd: 0
msg.lun: 0
>>>
<<< IPMI rsp
ccode: 0
data_len: 0
msg.netfn: 31
msg.cmd: a3
msg.seq: 0
msg.lun: 0
<<<
UpdateCloseArea command succeed
>>> IPMI req
msg.data_len: 0
msg.netfn: 30
msg.cmd: a6
msg.target_cmd: 0
msg.lun: 0
>>>
<<< IPMI rsp
ccode: 0
data_len: 13
msg.netfn: 31
msg.cmd: a6
msg.seq: 0
msg.lun: 0
<<<
UpdatePrepare command succeed
>>> IPMI req
msg.data_len: 2
msg.netfn: 30
msg.cmd: a4
msg.target_cmd: 0
msg.lun: 0
>>>
<<< IPMI rsp
ccode: 0
data_len: 0
msg.netfn: 31
msg.cmd: a4
msg.seq: 0
msg.lun: 0
<<<
ImeUpdateRegisterUpdate command succeed
>>> IPMI req
msg.data_len: 0
msg.netfn: 30
msg.cmd: a6
msg.target_cmd: 0
msg.lun: 0
>>>
<<< IPMI rsp
ccode: 0
data_len: 13
msg.netfn: 31
msg.cmd: a6
msg.seq: 0
msg.lun: 0
<<<
UpdatePrepare command succeed
#!section requests
> netfn=0x2c lun=0x00 cmd=0x00 target_cmd=0x00 data=00
< rule=default ccode=0xc1 len=0 data=
> netfn=0x2c lun=0x00 cmd=0x00 target_cmd=0x00 data=03
< rule=default ccode=0xc1 len=0 data=
> netfn=0x30 lun=0x00 cmd=0xa6 target_cmd=0x00 data=
< rule=initial_status ccode=0x00 len=13 data=1e 00 00 00 00 11 22 33 44 10 20 30 40
> netfn=0x30 lun=0x00 cmd=0xa0 target_cmd=0x00 data=
< rule=prepare ccode=0x00 len=0 data=
> netfn=0x30 lun=0x00 cmd=0xa6 target_cmd=0x00 data=
< rule=prepared_status ccode=0x00 len=13 data=1e 01 00 00 00 11 22 33 44 10 20 30 40
> netfn=0x30 lun=0x00 cmd=0xa1 target_cmd=0x00 data=01 00
< rule=open_area ccode=0x00 len=0 data=
> netfn=0x30 lun=0x00 cmd=0xa6 target_cmd=0x00 data=
< rule=writing_status ccode=0x00 len=13 data=1e 02 00 00 00 11 22 33 44 10 20 30 40
> netfn=0x30 lun=0x00 cmd=0xa2 target_cmd=0x00 data=00 01
< rule=write_first ccode=0x00 len=0 data=
> netfn=0x30 lun=0x00 cmd=0xa6 target_cmd=0x00 data=
< rule=writing_status ccode=0x00 len=13 data=1e 02 00 00 00 11 22 33 44 10 20 30 40
> netfn=0x30 lun=0x00 cmd=0xa3 target_cmd=0x00 data=01 00 00 00 07 00
< rule=close_area ccode=0x00 len=0 data=
> netfn=0x30 lun=0x00 cmd=0xa6 target_cmd=0x00 data=
< rule=closed_status ccode=0x00 len=13 data=1e 01 00 00 00 11 22 33 44 10 20 30 40
> netfn=0x30 lun=0x00 cmd=0xa4 target_cmd=0x00 data=01 00
< rule=activate ccode=0x00 len=0 data=
> netfn=0x30 lun=0x00 cmd=0xa6 target_cmd=0x00 data=
< rule=completed_status ccode=0x00 len=13 data=1e 03 00 00 00 11 22 33 44 10 20 30 40
bye
