#!golden 1
#!case ime_info_short_id
#!section exit
1
#!section stdout
#!section stderr
Get Device ID command failed: short response
#!section requests
> netfn=0x2c lun=0x00 cmd=0x00 target_cmd=0x00 data=00
< rule=default ccode=0xc1 len=0 data=
> netfn=0x2c lun=0x00 cmd=0x00 target_cmd=0x00 data=03
< rule=default ccode=0xc1 len=0 data=
> netfn=0x06 lun=0x00 cmd=0x01 target_cmd=0x00 data=
< rule=truncated_id ccode=0x00 len=5 data=00 00 12 34 51
bye
