#!golden 1
#!case kontron_buffer_denied
#!section exit
0
#!section stdout
Invalid length for the selected interface (Invalid command) 193
Setting large buffer to 64
Kontron Commands:  setsn setmfgdate nextboot
Invalid length for the selected interface (Invalid command) 193
#!section stderr
#!section requests
> netfn=0x2c lun=0x00 cmd=0x00 target_cmd=0x00 data=00
< rule=default ccode=0xc1 len=0 data=
> netfn=0x2c lun=0x00 cmd=0x00 target_cmd=0x00 data=03
< rule=default ccode=0xc1 len=0 data=
> netfn=0x3e lun=0x00 cmd=0x82 target_cmd=0x00 data=0e 40
< rule=default ccode=0xc1 len=0 data=
> netfn=0x3e lun=0x00 cmd=0x82 target_cmd=0x00 data=0e 00
< rule=default ccode=0xc1 len=0 data=
bye
