#!golden 1
#!case kontron_setsn_short_oem
#!section exit
1
#!section stdout
The length of the serial number in the FRU Board Area is wrong.
FRU serial number set failed
#!section stderr
#!section requests
> netfn=0x2c lun=0x00 cmd=0x00 target_cmd=0x00 data=00
< rule=default ccode=0xc1 len=0 data=
> netfn=0x2c lun=0x00 cmd=0x00 target_cmd=0x00 data=03
< rule=default ccode=0xc1 len=0 data=
> netfn=0x3e lun=0x03 cmd=0x0c target_cmd=0x00 data=b4 90 91 8b
< rule=serial ccode=0x00 len=1 data=53
> netfn=0x0a lun=0x00 cmd=0x10 target_cmd=0x00 data=00
< rule=fru_info ccode=0x00 len=3 data=d0 00 00
> netfn=0x0a lun=0x00 cmd=0x11 target_cmd=0x00 data=00 00 00 08
< rule=fru_read ccode=0x00 len=9 data=08 01 00 00 01 08 18 00 de
> netfn=0x0a lun=0x00 cmd=0x11 target_cmd=0x00 data=00 08 00 17
< rule=fru_read ccode=0x00 len=24 data=17 00 00 00 00 00 00 00 00 00 00 00 00 00 00 c2 41 43 c2 42 44 c4 30 30
> netfn=0x0a lun=0x00 cmd=0x11 target_cmd=0x00 data=00 1f 00 17
< rule=fru_read ccode=0x00 len=24 data=17 30 30 c1 00 00 00 00 00 00 00 00 00 00 00 00 00 00 00 00 00 00 00 00
> netfn=0x0a lun=0x00 cmd=0x11 target_cmd=0x00 data=00 36 00 0a
< rule=fru_read ccode=0x00 len=11 data=0a 00 00 00 00 00 00 00 00 00 2d
bye
