#!golden 1
#!case lan6_print_dynamic_duid
#!section exit
0
#!section stdout
IPv6 DHCPv6 Dynamic DUID 0:
    Length:   16
    Type:     DUID-LLT
    1000010002030405060708090a0b0c0d
#!section stderr
Getting parameter(s)...
#!section requests
> netfn=0x2c lun=0x00 cmd=0x00 target_cmd=0x00 data=00
< rule=default ccode=0x80 len=0 data=
> netfn=0x2c lun=0x00 cmd=0x00 target_cmd=0x00 data=03
< rule=default ccode=0x80 len=0 data=
> netfn=0x0c lun=0x00 cmd=0x02 target_cmd=0x00 data=01 3d 00 00
< rule=dynamic_duid ccode=0x00 len=20 data=11 00 00 10 00 01 00 02 03 04 05 06 07 08 09 0a 0b 0c 0d 0e
bye
