#!golden 1
#!case lanp_print_nonlan
#!section exit
1
#!section stdout
#!section stderr
Invalid channel: 1
#!section requests
> netfn=0x2c lun=0x00 cmd=0x00 target_cmd=0x00 data=00
< rule=default ccode=0xc1 len=0 data=
> netfn=0x2c lun=0x00 cmd=0x00 target_cmd=0x00 data=03
< rule=default ccode=0xc1 len=0 data=
> netfn=0x06 lun=0x00 cmd=0x42 target_cmd=0x00 data=01
< rule=get_channel_info ccode=0x00 len=9 data=01 05 04 00 bc 0a 00 ff ff
bye
