#!golden 1
#!case mc_getsysinfo_length_fourteen
#!section exit
0
#!section stdout
fourteen-bytes
#!section stderr
#!section requests
> netfn=0x2c lun=0x00 cmd=0x00 target_cmd=0x00 data=00
< rule=default ccode=0xc1 len=0 data=
> netfn=0x2c lun=0x00 cmd=0x00 target_cmd=0x00 data=03
< rule=default ccode=0xc1 len=0 data=
> netfn=0x06 lun=0x00 cmd=0x59 target_cmd=0x00 data=00 02 00 00
< rule=get_system_name_set0 ccode=0x00 len=18 data=11 00 00 0e 66 6f 75 72 74 65 65 6e 2d 62 79 74 65 73
bye
