#!golden 1
#!case mc_watchdog_set_pretimeout_min
#!section exit
0
#!section stdout
#!section stderr
Watchdog Timer was successfully configured
#!section requests
> netfn=0x2c lun=0x00 cmd=0x00 target_cmd=0x00 data=00
< rule=default ccode=0xc1 len=0 data=
> netfn=0x2c lun=0x00 cmd=0x00 target_cmd=0x00 data=03
< rule=default ccode=0xc1 len=0 data=
> netfn=0x06 lun=0x00 cmd=0x24 target_cmd=0x00 data=00 00 01 00 00 00
< rule=set_watchdog_timer ccode=0x00 len=0 data=
bye
