#!golden 1
#!case pef_info
#!section exit
0
#!section stdout
 0x51 | 16 | 8 | 00112233-4455-66a7-8819-aabbccddeeff | Alert,Power-off,Reset,Power-cycle,OEM-defined,Diagnostic-interrupt
#!section stderr
#!section requests
> netfn=0x2c lun=0x00 cmd=0x00 target_cmd=0x00 data=00
< rule=default ccode=0xc1 len=0 data=
> netfn=0x2c lun=0x00 cmd=0x00 target_cmd=0x00 data=03
< rule=default ccode=0xc1 len=0 data=
> netfn=0x04 lun=0x00 cmd=0x13 target_cmd=0x00 data=08 00 00
< rule=get_pef_alert_policy_table_size ccode=0x00 len=2 data=11 08
> netfn=0x04 lun=0x00 cmd=0x10 target_cmd=0x00 data=
< rule=get_pef_capabilities ccode=0x00 len=3 data=51 3f 10
> netfn=0x04 lun=0x00 cmd=0x13 target_cmd=0x00 data=0a 00 00
< rule=get_pef_system_guid ccode=0x00 len=18 data=11 01 00 11 22 33 44 55 66 a7 88 19 aa bb cc dd ee ff
bye
