#!golden 1
#!case pef_policy_short
#!section exit
1
#!section stdout
#!section stderr
Unexpected data length received.
#!section requests
> netfn=0x2c lun=0x00 cmd=0x00 target_cmd=0x00 data=00
< rule=default ccode=0xc1 len=0 data=
> netfn=0x2c lun=0x00 cmd=0x00 target_cmd=0x00 data=03
< rule=default ccode=0xc1 len=0 data=
> netfn=0x04 lun=0x00 cmd=0x13 target_cmd=0x00 data=08 00 00
< rule=size_policy ccode=0x00 len=1 data=11
bye
