#!golden 1
#!case pef_policy_enable
#!section exit
0
#!section stdout
PEF Policy ID 1 is enabled now.
#!section stderr
#!section requests
> netfn=0x2c lun=0x00 cmd=0x00 target_cmd=0x00 data=00
< rule=default ccode=0xc1 len=0 data=
> netfn=0x2c lun=0x00 cmd=0x00 target_cmd=0x00 data=03
< rule=default ccode=0xc1 len=0 data=
> netfn=0x04 lun=0x00 cmd=0x13 target_cmd=0x00 data=08 00 00
< rule=size ccode=0x00 len=2 data=11 82
> netfn=0x04 lun=0x00 cmd=0x13 target_cmd=0x00 data=09 01 00
< rule=entry1 ccode=0x00 len=5 data=11 01 98 11 80
> netfn=0x04 lun=0x00 cmd=0x12 target_cmd=0x00 data=09 01 98 11 80
< rule=set_policy ccode=0x00 len=0 data=
bye
