#!golden 1
#!case sd_cache_dbg
#!section exit
0
#!section stdout
Sensor ID              : CPU1 Temp (0x11)
 Entity ID             : 3.1 (Processor)
 Sensor Type (Threshold)  : Temperature (0x01)
 Sensor Reading        : 60 (+/- 0) degrees C
 Status                : ok
 Nominal Reading       : 40.000
 Normal Minimum        : 10.000
 Normal Maximum        : 80.000
 Upper non-recoverable : 95.000
 Upper critical        : 85.000
 Upper non-critical    : 75.000
 Lower non-recoverable : 5.000
 Lower critical        : 10.000
 Lower non-critical    : 15.000
 Positive Hysteresis   : 2.000
 Negative Hysteresis   : 2.000
 Minimum sensor range  : Unspecified
 Maximum sensor range  : Unspecified
 Event Message Control : Per-threshold
 Readable Thresholds   : lnr lcr lnc unc ucr unr\x20
 Settable Thresholds   : lnr lcr lnc unc ucr unr\x20
 Threshold Read Mask   : lcr lnc unc ucr\x20
 Assertions Enabled    : lnc- lnc+ lcr- lcr+ lnr- lnr+ unc- unc+ ucr- ucr+ unr- unr+\x20
 Deassertions Enabled  : lnc- lnc+ lcr- lcr+ lnr- lnr+ unc- unc+ ucr- ucr+ unr- unr+\x20

Sensor ID              : FAN1 Tach (0x14)
 Entity ID             : 29.1 (Fan Device)
 Sensor Type (Threshold)  : Fan (0x04)
 Sensor Reading        : 0x3C\x20
 Status                : ok
 Positive Hysteresis   : 0x02
 Negative Hysteresis   : 0x02
 Event Message Control : Per-threshold
 Readable Thresholds   : lnr lcr lnc unc ucr unr\x20
 Settable Thresholds   : lnr lcr lnc unc ucr unr\x20
 Threshold Read Mask   : lcr lnc unc ucr\x20
 Assertions Enabled    : lnc- lnc+ lcr- lcr+ lnr- lnr+ unc- unc+ ucr- ucr+ unr- unr+\x20
 Deassertions Enabled  : lnc- lnc+ lcr- lcr+ lnr- lnr+ unc- unc+ ucr- ucr+ unr- unr+\x20

#!section stderr
ipmitool version <VERSION>

Loading IANA PEN Registry...
Running Get PICMG Properties my_addr 0x20, transit 0, target 0x20
>>> IPMI req
msg.data_len: 1
msg.netfn: 2c
msg.cmd: 0
msg.target_cmd: 0
msg.lun: 0
>>>
<<< IPMI rsp
ccode: c1
data_len: 0
msg.netfn: 2d
msg.cmd: 0
msg.seq: 0
msg.lun: 0
<<<
Error response 0xc1 from Get PICMG Properties
Running Get VSO Capabilities my_addr 0x20, transit 0, target 0x20
>>> IPMI req
msg.data_len: 1
msg.netfn: 2c
msg.cmd: 0
msg.target_cmd: 0
msg.lun: 0
>>>
<<< IPMI rsp
ccode: c1
data_len: 0
msg.netfn: 2d
msg.cmd: 0
msg.seq: 0
msg.lun: 0
<<<
Invalid completion code received: Invalid command
Acquire IPMB address
Discovered IPMB address 0x0
Interface address: my_addr 0x20 transit 0:0 target 0x20:0 ipmb_target 0

Read record 3101 from file into cache
Read record 3104 from file into cache
Read record 3106 from file into cache
Read record 310c from file into cache
Read record 310a from file into cache
Read record 310b from file into cache
Read record 7a1b from file into cache
Querying SDR for sensor list
>>> IPMI req
msg.data_len: 1
msg.netfn: 4
msg.cmd: 2d
msg.target_cmd: 0
msg.lun: 0
>>>
<<< IPMI rsp
ccode: 0
data_len: 4
msg.netfn: 5
msg.cmd: 2d
msg.seq: 0
msg.lun: 0
<<<
>>> IPMI req
msg.data_len: 1
msg.netfn: 4
msg.cmd: 2b
msg.target_cmd: 0
msg.lun: 0
>>>
<<< IPMI rsp
ccode: c1
data_len: 0
msg.netfn: 5
msg.cmd: 2b
msg.seq: 0
msg.lun: 0
<<<
Error reading event status for sensor #11: Invalid command
>>> IPMI req
msg.data_len: 1
msg.netfn: 4
msg.cmd: 29
msg.target_cmd: 0
msg.lun: 0
>>>
<<< IPMI rsp
ccode: 0
data_len: 5
msg.netfn: 5
msg.cmd: 29
msg.seq: 0
msg.lun: 0
<<<
>>> IPMI req
msg.data_len: 1
msg.netfn: 4
msg.cmd: 2d
msg.target_cmd: 0
msg.lun: 0
>>>
<<< IPMI rsp
ccode: 0
data_len: 4
msg.netfn: 5
msg.cmd: 2d
msg.seq: 0
msg.lun: 0
<<<
>>> IPMI req
msg.data_len: 1
msg.netfn: 4
msg.cmd: 2b
msg.target_cmd: 0
msg.lun: 0
>>>
<<< IPMI rsp
ccode: c1
data_len: 0
msg.netfn: 5
msg.cmd: 2b
msg.seq: 0
msg.lun: 0
<<<
Error reading event status for sensor #14: Invalid command
>>> IPMI req
msg.data_len: 1
msg.netfn: 4
msg.cmd: 29
msg.target_cmd: 0
msg.lun: 0
>>>
<<< IPMI rsp
ccode: 0
data_len: 5
msg.netfn: 5
msg.cmd: 29
msg.seq: 0
msg.lun: 0
<<<
#!section requests
> netfn=0x2c lun=0x00 cmd=0x00 target_cmd=0x00 data=00
< rule=default ccode=0xc1 len=0 data=
> netfn=0x2c lun=0x00 cmd=0x00 target_cmd=0x00 data=03
< rule=default ccode=0xc1 len=0 data=
> netfn=0x04 lun=0x00 cmd=0x2d target_cmd=0x00 data=11
< rule=get_sensor_reading ccode=0x00 len=4 data=3c c0 c0 00
> netfn=0x04 lun=0x00 cmd=0x2b target_cmd=0x00 data=11
< rule=default ccode=0xc1 len=0 data=
> netfn=0x04 lun=0x00 cmd=0x29 target_cmd=0x00 data=11
< rule=get_sensor_event_enable ccode=0x00 len=5 data=c0 ff 3f ff 3f
> netfn=0x04 lun=0x00 cmd=0x2d target_cmd=0x00 data=14
< rule=get_sensor_reading ccode=0x00 len=4 data=3c c0 c0 00
> netfn=0x04 lun=0x00 cmd=0x2b target_cmd=0x00 data=14
< rule=default ccode=0xc1 len=0 data=
> netfn=0x04 lun=0x00 cmd=0x29 target_cmd=0x00 data=14
< rule=get_sensor_event_enable ccode=0x00 len=5 data=c0 ff 3f ff 3f
bye
