#!golden 1
#!case sd_fill_file_two_v
#!section exit
signal SEGV
#!section stdout
#!section stderr
ipmitool version <VERSION>

Loading IANA PEN Registry...
Running Get PICMG Properties my_addr 0x20, transit 0, target 0x20
>>> IPMI req
msg.data_len: 1
msg.netfn: 2c
msg.cmd: 0
msg.target_cmd: 0
msg.lun: 0
>>>
<<< IPMI rsp
ccode: c1
data_len: 0
msg.netfn: 2d
msg.cmd: 0
msg.seq: 0
msg.lun: 0
<<<
Error response 0xc1 from Get PICMG Properties
Running Get VSO Capabilities my_addr 0x20, transit 0, target 0x20
>>> IPMI req
msg.data_len: 1
msg.netfn: 2c
msg.cmd: 0
msg.target_cmd: 0
msg.lun: 0
>>>
<<< IPMI rsp
ccode: c1
data_len: 0
msg.netfn: 2d
msg.cmd: 0
msg.seq: 0
msg.lun: 0
<<<
Invalid completion code received: Invalid command
Acquire IPMB address
Discovered IPMB address 0x0
Interface address: my_addr 0x20 transit 0:0 target 0x20:0 ipmb_target 0

binHdr[0] (id[MSB]) = 0x34
binHdr[1] (id[LSB]) = 0x12
binHdr[2] (version) = 0x51
binHdr[3] (type) = 0x01
binHdr[4] (length) = 0x34
binHdr[0] (id[MSB]) = 0x78
binHdr[1] (id[LSB]) = 0x56
binHdr[2] (version) = 0x51
binHdr[3] (type) = 0x02
binHdr[4] (length) = 0x24
>>> IPMI req
msg.data_len: 0
msg.netfn: a
msg.cmd: 22
msg.target_cmd: 0
msg.lun: 0
>>>
<<< IPMI rsp
ccode: 0
data_len: 2
msg.netfn: b
msg.cmd: 22
msg.seq: 0
msg.lun: 0
<<<
SDR reservation ID a55a
>>> IPMI req
msg.data_len: 6
msg.netfn: a
msg.cmd: 27
msg.target_cmd: 0
msg.lun: 0
>>>
<<< IPMI rsp
ccode: 0
data_len: 1
msg.netfn: b
msg.cmd: 27
msg.seq: 0
msg.lun: 0
<<<
>>> IPMI req
msg.data_len: 0
msg.netfn: a
msg.cmd: 22
msg.target_cmd: 0
msg.lun: 0
>>>
<<< IPMI rsp
ccode: 0
data_len: 2
msg.netfn: b
msg.cmd: 22
msg.seq: 0
msg.lun: 0
<<<
SDR reservation ID a55a
>>> IPMI req
msg.data_len: 11
msg.netfn: a
msg.cmd: 25
msg.target_cmd: 0
msg.lun: 0
>>>
<<< IPMI rsp
ccode: 0
data_len: 2
msg.netfn: b
msg.cmd: 25
msg.seq: 0
msg.lun: 0
<<<
>>> IPMI req
msg.data_len: 25
msg.netfn: a
msg.cmd: 25
msg.target_cmd: 0
msg.lun: 0
>>>
<<< IPMI rsp
ccode: 0
data_len: 2
msg.netfn: b
msg.cmd: 25
msg.seq: 0
msg.lun: 0
<<<
>>> IPMI req
msg.data_len: 25
msg.netfn: a
msg.cmd: 25
msg.target_cmd: 0
msg.lun: 0
>>>
<<< IPMI rsp
ccode: 0
data_len: 2
msg.netfn: b
msg.cmd: 25
msg.seq: 0
msg.lun: 0
<<<
>>> IPMI req
msg.data_len: 20
msg.netfn: a
msg.cmd: 25
msg.target_cmd: 0
msg.lun: 0
>>>
<<< IPMI rsp
ccode: 0
data_len: 2
msg.netfn: b
msg.cmd: 25
msg.seq: 0
msg.lun: 0
<<<
>>> IPMI req
msg.data_len: 0
msg.netfn: a
msg.cmd: 22
msg.target_cmd: 0
msg.lun: 0
>>>
<<< IPMI rsp
ccode: 0
data_len: 2
msg.netfn: b
msg.cmd: 22
msg.seq: 0
msg.lun: 0
<<<
SDR reservation ID a55a
>>> IPMI req
msg.data_len: 11
msg.netfn: a
msg.cmd: 25
msg.target_cmd: 0
msg.lun: 0
>>>
<<< IPMI rsp
ccode: 0
data_len: 2
msg.netfn: b
msg.cmd: 25
msg.seq: 0
msg.lun: 0
<<<
>>> IPMI req
msg.data_len: 25
msg.netfn: a
msg.cmd: 25
msg.target_cmd: 0
msg.lun: 0
>>>
<<< IPMI rsp
ccode: 0
data_len: 2
msg.netfn: b
msg.cmd: 25
msg.seq: 0
msg.lun: 0
<<<
>>> IPMI req
msg.data_len: 23
msg.netfn: a
msg.cmd: 25
msg.target_cmd: 0
msg.lun: 0
>>>
<<< IPMI rsp
ccode: 0
data_len: 2
msg.netfn: b
msg.cmd: 25
msg.seq: 0
msg.lun: 0
<<<
#!section requests
> netfn=0x2c lun=0x00 cmd=0x00 target_cmd=0x00 data=00
< rule=default ccode=0xc1 len=0 data=
> netfn=0x2c lun=0x00 cmd=0x00 target_cmd=0x00 data=03
< rule=default ccode=0xc1 len=0 data=
> netfn=0x0a lun=0x00 cmd=0x22 target_cmd=0x00 data=
< rule=reserve_sdr_repo ccode=0x00 len=2 data=5a a5
> netfn=0x0a lun=0x00 cmd=0x27 target_cmd=0x00 data=5a a5 43 4c 52 aa
< rule=sdr_repo_clear ccode=0x00 len=1 data=01
> netfn=0x0a lun=0x00 cmd=0x22 target_cmd=0x00 data=
< rule=reserve_sdr_repo ccode=0x00 len=2 data=5a a5
> netfn=0x0a lun=0x00 cmd=0x25 target_cmd=0x00 data=5a a5 00 00 00 00 34 12 51 01 34
< rule=add_partial_sdr ccode=0x00 len=2 data=3c 4b
> netfn=0x0a lun=0x00 cmd=0x25 target_cmd=0x00 data=5a a5 3c 4b 05 00 20 00 0b 03 01 7f 68 01 01 ff 3f ff 3f 3f 3f 00 01 00 00
< rule=add_partial_sdr ccode=0x00 len=2 data=3c 4b
> netfn=0x0a lun=0x00 cmd=0x25 target_cmd=0x00 data=5a a5 3c 4b 18 00 01 00 00 00 00 00 07 28 50 0a ff 00 5f 55 4b 05 0a 0f 02
< rule=add_partial_sdr ccode=0x00 len=2 data=3c 4b
> netfn=0x0a lun=0x00 cmd=0x25 target_cmd=0x00 data=5a a5 3c 4b 2b 01 02 00 00 00 c9 43 50 55 31 20 54 65 6d 70
< rule=add_partial_sdr ccode=0x00 len=2 data=3c 4b
> netfn=0x0a lun=0x00 cmd=0x22 target_cmd=0x00 data=
< rule=reserve_sdr_repo ccode=0x00 len=2 data=5a a5
> netfn=0x0a lun=0x00 cmd=0x25 target_cmd=0x00 data=5a a5 00 00 00 00 78 56 51 02 24
< rule=add_partial_sdr ccode=0x00 len=2 data=3c 4b
> netfn=0x0a lun=0x00 cmd=0x25 target_cmd=0x00 data=5a a5 3c 4b 05 00 20 00 1c 1d 02 7f 68 04 01 ff 3f ff 3f 3f 3f 00 12 00 23
< rule=add_partial_sdr ccode=0x00 len=2 data=3c 4b
> netfn=0x0a lun=0x00 cmd=0x25 target_cmd=0x00 data=5a a5 3c 4b 18 01 87 02 02 00 00 00 00 c9 46 41 4e 31 20 54 61 63 68
< rule=add_partial_sdr ccode=0x00 len=2 data=3c 4b
