#!golden 1
#!case sen_get_no_sdr
#!section exit
1
#!section stdout
Locating sensor record...
#!section stderr
Error obtaining SDR info: Destination unavailable
Unable to open SDR for reading
Sensor data record "TempA" not found!
#!section requests
> netfn=0x2c lun=0x00 cmd=0x00 target_cmd=0x00 data=00
< rule=default ccode=0xc1 len=0 data=
> netfn=0x2c lun=0x00 cmd=0x00 target_cmd=0x00 data=03
< rule=default ccode=0xc1 len=0 data=
> netfn=0x06 lun=0x00 cmd=0x01 target_cmd=0x00 data=
< rule=get_device_id ccode=0x00 len=15 data=20 81 02 03 02 bf 57 01 00 01 00 00 00 00 00
> netfn=0x0a lun=0x00 cmd=0x20 target_cmd=0x00 data=
< rule=sdr_repo_info_fail ccode=0xd3 len=0 data=
bye
