#!golden 1
#!case session_info_modem12
#!section exit
0
#!section stdout
session handle                : 5
slot count                    : 63
active sessions               : 10
user id                       : 63
privilege level               : Unknown (0x0E)
session type                  : IPMIv2/RMCP+
channel number                : 0x0f
Session/Channel Activity Type : Unknown (0xFE)
Destination selector          : 15
console ip                    : 192.0.2.129

#!section stderr
#!section requests
> netfn=0x2c lun=0x00 cmd=0x00 target_cmd=0x00 data=00
< rule=default ccode=0xc1 len=0 data=
> netfn=0x2c lun=0x00 cmd=0x00 target_cmd=0x00 data=03
< rule=default ccode=0xc1 len=0 data=
> netfn=0x06 lun=0x00 cmd=0x3d target_cmd=0x00 data=00
< rule=session_info_modem12 ccode=0x00 len=12 data=05 7f 8a bf 8e 8f fe ff c0 00 02 81
bye
#!section files
