#!golden 1
#!case sl_dellc_verbose
#!section exit
0
#!section stdout
SEL Record ID          : a001
 Record Type           : 02
 Timestamp             : 06/14/26 23:50:37 UTC
 Generator ID          : 0020
 EvM Revision          : 04
 Sensor Type           : Memory
 Sensor Number         : 1c
 Event Type            : Sensor-specific Discrete
 Event Direction       : Assertion Event
 Event Data            : a00f03
 Description           : Correctable ECC (CRC Error on:South Bound Memory,South Bound Config,North Bound memory,North Bound memory-corr|Failing_Channel:3)

SEL Record ID          : a002
 Record Type           : 02
 Timestamp             : 06/14/26 23:50:37 UTC
 Generator ID          : 0020
 EvM Revision          : 04
 Sensor Type           : Memory
 Sensor Number         : 1c
 Event Type            : Sensor-specific Discrete
 Event Direction       : Assertion Event
 Event Data            : 800f03
 Description           : Correctable ECC ()

SEL Record ID          : a003
 Record Type           : 02
 Timestamp             : 06/14/26 23:50:37 UTC
 Generator ID          : 0020
 EvM Revision          : 04
 Sensor Type           : Memory
 Sensor Number         : 1c
 Event Type            : Sensor-specific Discrete
 Event Direction       : Assertion Event
 Event Data            : 200f03
 Description           : Correctable ECC ()

SEL Record ID          : a011
 Record Type           : 02
 Timestamp             : 06/14/26 23:50:37 UTC
 Generator ID          : 0020
 EvM Revision          : 04
 Sensor Type           : Memory
 Sensor Number         : 20
 Event Type            : Sensor-specific Discrete
 Event Direction       : Assertion Event
 Event Data            : 80f303
 Description           : Correctable ECC (Correctable ECC | )

SEL Record ID          : a012
 Record Type           : 02
 Timestamp             : 06/14/26 23:50:37 UTC
 Generator ID          : 0020
 EvM Revision          : 04
 Sensor Type           : Memory
 Sensor Number         : 20
 Event Type            : Sensor-specific Discrete
 Event Direction       : Assertion Event
 Event Data            : 807303
 Description           : Correctable ECC (Correctable ECC | Card H)

SEL Record ID          : a013
 Record Type           : 02
 Timestamp             : 06/14/26 23:50:37 UTC
 Generator ID          : 0020
 EvM Revision          : 04
 Sensor Type           : Memory
 Sensor Number         : 20
 Event Type            : Sensor-specific Discrete
 Event Direction       : Assertion Event
 Event Data            : 802303
 Description           : Correctable ECC (Correctable ECC | Card C)

SEL Record ID          : a021
 Record Type           : 02
 Timestamp             : 06/14/26 23:50:37 UTC
 Generator ID          : 0020
 EvM Revision          : 04
 Sensor Type           : OS Critical Stop
 Sensor Number         : 30
 Event Type            : Sensor-specific Discrete
 Event Direction       : Assertion Event
 Event Data            : a01101
 Description           : Error during system startup (BIOS TXT Error)

SEL Record ID          : a022
 Record Type           : 02
 Timestamp             : 06/14/26 23:50:37 UTC
 Generator ID          : 0020
 EvM Revision          : 04
 Sensor Type           : OS Critical Stop
 Sensor Number         : 30
 Event Type            : Sensor-specific Discrete
 Event Direction       : Assertion Event
 Event Data            : 801101
 Description           : Error during system startup ()

SEL Record ID          : a023
 Record Type           : 02
 Timestamp             : 06/14/26 23:50:37 UTC
 Generator ID          : 0020
 EvM Revision          : 04
 Sensor Type           : OS Critical Stop
 Sensor Number         : 30
 Event Type            : Sensor-specific Discrete
 Event Direction       : Assertion Event
 Event Data            : 201101
 Description           : Error during system startup ()

SEL Record ID          : a031
 Record Type           : 02
 Timestamp             : 06/14/26 23:50:37 UTC
 Generator ID          : 0020
 EvM Revision          : 04
 Sensor Type           : Version Change
 Sensor Number         : 31
 Event Type            : Sensor-specific Discrete
 Event Direction       : Assertion Event
 Event Data            : a20200
 Description           : Hardware incompatibility detected (between BMC/iDRAC Firmware and other hardware)

SEL Record ID          : a032
 Record Type           : 02
 Timestamp             : 06/14/26 23:50:37 UTC
 Generator ID          : 0020
 EvM Revision          : 04
 Sensor Type           : Version Change
 Sensor Number         : 31
 Event Type            : Sensor-specific Discrete
 Event Direction       : Assertion Event
 Event Data            : a10200
 Description           : Firmware or software change detected, Mngmt Ctrl Firm Rev ()

SEL Record ID          : a033
 Record Type           : 02
 Timestamp             : 06/14/26 23:50:37 UTC
 Generator ID          : 0020
 EvM Revision          : 04
 Sensor Type           : Version Change
 Sensor Number         : 31
 Event Type            : Sensor-specific Discrete
 Event Direction       : Assertion Event
 Event Data            : 220200
 Description           : Hardware incompatibility detected ()

SEL Record ID          : a034
 Record Type           : 02
 Timestamp             : 06/14/26 23:50:37 UTC
 Generator ID          : 0020
 EvM Revision          : 04
 Sensor Type           : Version Change
 Sensor Number         : 31
 Event Type            : Sensor-specific Discrete
 Event Direction       : Assertion Event
 Event Data            : 820200
 Description           : Hardware incompatibility detected ()

SEL Record ID          : a035
 Record Type           : 02
 Timestamp             : 06/14/26 23:50:37 UTC
 Generator ID          : 0020
 EvM Revision          : 04
 Sensor Type           : Version Change
 Sensor Number         : 31
 Event Type            : Sensor-specific Discrete
 Event Direction       : Assertion Event
 Event Data            : a20201
 Description           : Hardware incompatibility detected (between BMC/iDRAC Firmware and CPU)

SEL Record ID          : a041
 Record Type           : 02
 Timestamp             : 06/14/26 23:50:37 UTC
 Generator ID          : 0020
 EvM Revision          : 04
 Sensor Type           : Unknown
 Sensor Number         : 25
 Event Type            : Sensor-specific Discrete
 Event Direction       : Assertion Event
 Event Data            : a15a35
 Description           : (Failed to program Virtual Mac Address at bus:35 device:0b function:2)

SEL Record ID          : a042
 Record Type           : 02
 Timestamp             : 06/14/26 23:50:37 UTC
 Generator ID          : 0020
 EvM Revision          : 04
 Sensor Type           : Unknown
 Sensor Number         : 25
 Event Type            : Sensor-specific Discrete
 Event Direction       : Assertion Event
 Event Data            : 215a35
 Description           : (Failed to program Virtual Mac Address)

SEL Record ID          : a043
 Record Type           : 02
 Timestamp             : 06/14/26 23:50:37 UTC
 Generator ID          : 0020
 EvM Revision          : 04
 Sensor Type           : Unknown
 Sensor Number         : 25
 Event Type            : Sensor-specific Discrete
 Event Direction       : Assertion Event
 Event Data            : 815a35
 Description           : (Failed to program Virtual Mac Address)

SEL Record ID          : a051
 Record Type           : 02
 Timestamp             : 06/14/26 23:50:37 UTC
 Generator ID          : 0020
 EvM Revision          : 04
 Sensor Type           : Unknown
 Sensor Number         : 29
 Event Type            : Sensor-specific Discrete
 Event Direction       : Assertion Event
 Event Data            : a25a35
 Description           : (Partner-(LinkId:64,AgentId:16)|ReportingAgent(LinkId:8,AgentId:2)|PA-Type:CPU|RA-Type:IOH)

SEL Record ID          : a052
 Record Type           : 02
 Timestamp             : 06/14/26 23:50:37 UTC
 Generator ID          : 0020
 EvM Revision          : 04
 Sensor Type           : Unknown
 Sensor Number         : 29
 Event Type            : Sensor-specific Discrete
 Event Direction       : Assertion Event
 Event Data            : 225a35
 Description           : ()

SEL Record ID          : a053
 Record Type           : 02
 Timestamp             : 06/14/26 23:50:37 UTC
 Generator ID          : 0020
 EvM Revision          : 04
 Sensor Type           : Unknown
 Sensor Number         : 29
 Event Type            : Sensor-specific Discrete
 Event Direction       : Assertion Event
 Event Data            : 825a35
 Description           : ()

SEL Record ID          : a061
 Record Type           : 02
 Timestamp             : 06/14/26 23:50:37 UTC
 Generator ID          : 0020
 EvM Revision          : 04
 Sensor Type           : Unknown
 Sensor Number         : 30
 Event Type            : Sensor-specific Discrete
 Event Direction       : Assertion Event
 Event Data            : 805a35
 Description           : (PCIe Error |PCI bus:35 device:0b function:2)

SEL Record ID          : a062
 Record Type           : 02
 Timestamp             : 06/14/26 23:50:37 UTC
 Generator ID          : 0020
 EvM Revision          : 04
 Sensor Type           : Unknown
 Sensor Number         : 30
 Event Type            : Sensor-specific Discrete
 Event Direction       : Assertion Event
 Event Data            : 805ab5
 Description           : (PCIe Error |Slot 53)

SEL Record ID          : a063
 Record Type           : 02
 Timestamp             : 06/14/26 23:50:37 UTC
 Generator ID          : 0020
 EvM Revision          : 04
 Sensor Type           : Unknown
 Sensor Number         : 30
 Event Type            : Sensor-specific Discrete
 Event Direction       : Assertion Event
 Event Data            : 002035
 Description           :\x20

#!section stderr
Loading IANA PEN Registry...
>>> IPMI req
msg.data_len: 1
msg.netfn: 2c
msg.cmd: 0
msg.target_cmd: 0
msg.lun: 0
>>>
<<< IPMI rsp
ccode: c1
data_len: 0
msg.netfn: 2d
msg.cmd: 0
msg.seq: 0
msg.lun: 0
<<<
Running Get VSO Capabilities my_addr 0x20, transit 0, target 0x20
>>> IPMI req
msg.data_len: 1
msg.netfn: 2c
msg.cmd: 0
msg.target_cmd: 0
msg.lun: 0
>>>
<<< IPMI rsp
ccode: c1
data_len: 0
msg.netfn: 2d
msg.cmd: 0
msg.seq: 0
msg.lun: 0
<<<
Invalid completion code received: Invalid command
Discovered IPMB address 0x0
>>> IPMI req
msg.data_len: 0
msg.netfn: a
msg.cmd: 40
msg.target_cmd: 0
msg.lun: 0
>>>
<<< IPMI rsp
ccode: 0
data_len: 14
msg.netfn: b
msg.cmd: 40
msg.seq: 0
msg.lun: 0
<<<
>>> IPMI req
msg.data_len: 6
msg.netfn: a
msg.cmd: 43
msg.target_cmd: 0
msg.lun: 0
>>>
<<< IPMI rsp
ccode: 0
data_len: 18
msg.netfn: b
msg.cmd: 43
msg.seq: 0
msg.lun: 0
<<<
>>> IPMI req
msg.data_len: 0
msg.netfn: 6
msg.cmd: 1
msg.target_cmd: 0
msg.lun: 0
>>>
<<< IPMI rsp
ccode: 0
data_len: 15
msg.netfn: 7
msg.cmd: 1
msg.seq: 0
msg.lun: 0
<<<
>>> IPMI req
msg.data_len: 0
msg.netfn: 6
msg.cmd: 1
msg.target_cmd: 0
msg.lun: 0
>>>
<<< IPMI rsp
ccode: 0
data_len: 15
msg.netfn: 7
msg.cmd: 1
msg.seq: 0
msg.lun: 0
<<<
>>> IPMI req
msg.data_len: 0
msg.netfn: 6
msg.cmd: 1
msg.target_cmd: 0
msg.lun: 0
>>>
<<< IPMI rsp
ccode: 0
data_len: 15
msg.netfn: 7
msg.cmd: 1
msg.seq: 0
msg.lun: 0
<<<
>>> IPMI req
msg.data_len: 0
msg.netfn: 6
msg.cmd: 1
msg.target_cmd: 0
msg.lun: 0
>>>
<<< IPMI rsp
ccode: 0
data_len: 15
msg.netfn: 7
msg.cmd: 1
msg.seq: 0
msg.lun: 0
<<<
>>> IPMI req
msg.data_len: 6
msg.netfn: a
msg.cmd: 43
msg.target_cmd: 0
msg.lun: 0
>>>
<<< IPMI rsp
ccode: 0
data_len: 18
msg.netfn: b
msg.cmd: 43
msg.seq: 0
msg.lun: 0
<<<
>>> IPMI req
msg.data_len: 0
msg.netfn: 6
msg.cmd: 1
msg.target_cmd: 0
msg.lun: 0
>>>
<<< IPMI rsp
ccode: 0
data_len: 15
msg.netfn: 7
msg.cmd: 1
msg.seq: 0
msg.lun: 0
<<<
>>> IPMI req
msg.data_len: 0
msg.netfn: 6
msg.cmd: 1
msg.target_cmd: 0
msg.lun: 0
>>>
<<< IPMI rsp
ccode: 0
data_len: 15
msg.netfn: 7
msg.cmd: 1
msg.seq: 0
msg.lun: 0
<<<
>>> IPMI req
msg.data_len: 0
msg.netfn: 6
msg.cmd: 1
msg.target_cmd: 0
msg.lun: 0
>>>
<<< IPMI rsp
ccode: 0
data_len: 15
msg.netfn: 7
msg.cmd: 1
msg.seq: 0
msg.lun: 0
<<<
>>> IPMI req
msg.data_len: 0
msg.netfn: 6
msg.cmd: 1
msg.target_cmd: 0
msg.lun: 0
>>>
<<< IPMI rsp
ccode: 0
data_len: 15
msg.netfn: 7
msg.cmd: 1
msg.seq: 0
msg.lun: 0
<<<
>>> IPMI req
msg.data_len: 6
msg.netfn: a
msg.cmd: 43
msg.target_cmd: 0
msg.lun: 0
>>>
<<< IPMI rsp
ccode: 0
data_len: 18
msg.netfn: b
msg.cmd: 43
msg.seq: 0
msg.lun: 0
<<<
>>> IPMI req
msg.data_len: 0
msg.netfn: 6
msg.cmd: 1
msg.target_cmd: 0
msg.lun: 0
>>>
<<< IPMI rsp
ccode: 0
data_len: 15
msg.netfn: 7
msg.cmd: 1
msg.seq: 0
msg.lun: 0
<<<
>>> IPMI req
msg.data_len: 0
msg.netfn: 6
msg.cmd: 1
msg.target_cmd: 0
msg.lun: 0
>>>
<<< IPMI rsp
ccode: 0
data_len: 15
msg.netfn: 7
msg.cmd: 1
msg.seq: 0
msg.lun: 0
<<<
>>> IPMI req
msg.data_len: 0
msg.netfn: 6
msg.cmd: 1
msg.target_cmd: 0
msg.lun: 0
>>>
<<< IPMI rsp
ccode: 0
data_len: 15
msg.netfn: 7
msg.cmd: 1
msg.seq: 0
msg.lun: 0
<<<
>>> IPMI req
msg.data_len: 0
msg.netfn: 6
msg.cmd: 1
msg.target_cmd: 0
msg.lun: 0
>>>
<<< IPMI rsp
ccode: 0
data_len: 15
msg.netfn: 7
msg.cmd: 1
msg.seq: 0
msg.lun: 0
<<<
>>> IPMI req
msg.data_len: 6
msg.netfn: a
msg.cmd: 43
msg.target_cmd: 0
msg.lun: 0
>>>
<<< IPMI rsp
ccode: 0
data_len: 18
msg.netfn: b
msg.cmd: 43
msg.seq: 0
msg.lun: 0
<<<
>>> IPMI req
msg.data_len: 0
msg.netfn: 6
msg.cmd: 1
msg.target_cmd: 0
msg.lun: 0
>>>
<<< IPMI rsp
ccode: 0
data_len: 15
msg.netfn: 7
msg.cmd: 1
msg.seq: 0
msg.lun: 0
<<<
>>> IPMI req
msg.data_len: 0
msg.netfn: 6
msg.cmd: 1
msg.target_cmd: 0
msg.lun: 0
>>>
<<< IPMI rsp
ccode: 0
data_len: 15
msg.netfn: 7
msg.cmd: 1
msg.seq: 0
msg.lun: 0
<<<
>>> IPMI req
msg.data_len: 0
msg.netfn: 6
msg.cmd: 1
msg.target_cmd: 0
msg.lun: 0
>>>
<<< IPMI rsp
ccode: 0
data_len: 15
msg.netfn: 7
msg.cmd: 1
msg.seq: 0
msg.lun: 0
<<<
>>> IPMI req
msg.data_len: 0
msg.netfn: 6
msg.cmd: 1
msg.target_cmd: 0
msg.lun: 0
>>>
<<< IPMI rsp
ccode: 0
data_len: 15
msg.netfn: 7
msg.cmd: 1
msg.seq: 0
msg.lun: 0
<<<
>>> IPMI req
msg.data_len: 6
msg.netfn: a
msg.cmd: 43
msg.target_cmd: 0
msg.lun: 0
>>>
<<< IPMI rsp
ccode: 0
data_len: 18
msg.netfn: b
msg.cmd: 43
msg.seq: 0
msg.lun: 0
<<<
>>> IPMI req
msg.data_len: 0
msg.netfn: 6
msg.cmd: 1
msg.target_cmd: 0
msg.lun: 0
>>>
<<< IPMI rsp
ccode: 0
data_len: 15
msg.netfn: 7
msg.cmd: 1
msg.seq: 0
msg.lun: 0
<<<
>>> IPMI req
msg.data_len: 0
msg.netfn: 6
msg.cmd: 1
msg.target_cmd: 0
msg.lun: 0
>>>
<<< IPMI rsp
ccode: 0
data_len: 15
msg.netfn: 7
msg.cmd: 1
msg.seq: 0
msg.lun: 0
<<<
>>> IPMI req
msg.data_len: 0
msg.netfn: 6
msg.cmd: 1
msg.target_cmd: 0
msg.lun: 0
>>>
<<< IPMI rsp
ccode: 0
data_len: 15
msg.netfn: 7
msg.cmd: 1
msg.seq: 0
msg.lun: 0
<<<
>>> IPMI req
msg.data_len: 0
msg.netfn: 6
msg.cmd: 1
msg.target_cmd: 0
msg.lun: 0
>>>
<<< IPMI rsp
ccode: 0
data_len: 15
msg.netfn: 7
msg.cmd: 1
msg.seq: 0
msg.lun: 0
<<<
>>> IPMI req
msg.data_len: 6
msg.netfn: a
msg.cmd: 43
msg.target_cmd: 0
msg.lun: 0
>>>
<<< IPMI rsp
ccode: 0
data_len: 18
msg.netfn: b
msg.cmd: 43
msg.seq: 0
msg.lun: 0
<<<
>>> IPMI req
msg.data_len: 0
msg.netfn: 6
msg.cmd: 1
msg.target_cmd: 0
msg.lun: 0
>>>
<<< IPMI rsp
ccode: 0
data_len: 15
msg.netfn: 7
msg.cmd: 1
msg.seq: 0
msg.lun: 0
<<<
>>> IPMI req
msg.data_len: 0
msg.netfn: 6
msg.cmd: 1
msg.target_cmd: 0
msg.lun: 0
>>>
<<< IPMI rsp
ccode: 0
data_len: 15
msg.netfn: 7
msg.cmd: 1
msg.seq: 0
msg.lun: 0
<<<
>>> IPMI req
msg.data_len: 0
msg.netfn: 6
msg.cmd: 1
msg.target_cmd: 0
msg.lun: 0
>>>
<<< IPMI rsp
ccode: 0
data_len: 15
msg.netfn: 7
msg.cmd: 1
msg.seq: 0
msg.lun: 0
<<<
>>> IPMI req
msg.data_len: 0
msg.netfn: 6
msg.cmd: 1
msg.target_cmd: 0
msg.lun: 0
>>>
<<< IPMI rsp
ccode: 0
data_len: 15
msg.netfn: 7
msg.cmd: 1
msg.seq: 0
msg.lun: 0
<<<
>>> IPMI req
msg.data_len: 6
msg.netfn: a
msg.cmd: 43
msg.target_cmd: 0
msg.lun: 0
>>>
<<< IPMI rsp
ccode: 0
data_len: 18
msg.netfn: b
msg.cmd: 43
msg.seq: 0
msg.lun: 0
<<<
>>> IPMI req
msg.data_len: 0
msg.netfn: 6
msg.cmd: 1
msg.target_cmd: 0
msg.lun: 0
>>>
<<< IPMI rsp
ccode: 0
data_len: 15
msg.netfn: 7
msg.cmd: 1
msg.seq: 0
msg.lun: 0
<<<
>>> IPMI req
msg.data_len: 0
msg.netfn: 6
msg.cmd: 1
msg.target_cmd: 0
msg.lun: 0
>>>
<<< IPMI rsp
ccode: 0
data_len: 15
msg.netfn: 7
msg.cmd: 1
msg.seq: 0
msg.lun: 0
<<<
>>> IPMI req
msg.data_len: 0
msg.netfn: 6
msg.cmd: 1
msg.target_cmd: 0
msg.lun: 0
>>>
<<< IPMI rsp
ccode: 0
data_len: 15
msg.netfn: 7
msg.cmd: 1
msg.seq: 0
msg.lun: 0
<<<
>>> IPMI req
msg.data_len: 6
msg.netfn: a
msg.cmd: 43
msg.target_cmd: 0
msg.lun: 0
>>>
<<< IPMI rsp
ccode: 0
data_len: 18
msg.netfn: b
msg.cmd: 43
msg.seq: 0
msg.lun: 0
<<<
>>> IPMI req
msg.data_len: 0
msg.netfn: 6
msg.cmd: 1
msg.target_cmd: 0
msg.lun: 0
>>>
<<< IPMI rsp
ccode: 0
data_len: 15
msg.netfn: 7
msg.cmd: 1
msg.seq: 0
msg.lun: 0
<<<
>>> IPMI req
msg.data_len: 0
msg.netfn: 6
msg.cmd: 1
msg.target_cmd: 0
msg.lun: 0
>>>
<<< IPMI rsp
ccode: 0
data_len: 15
msg.netfn: 7
msg.cmd: 1
msg.seq: 0
msg.lun: 0
<<<
>>> IPMI req
msg.data_len: 0
msg.netfn: 6
msg.cmd: 1
msg.target_cmd: 0
msg.lun: 0
>>>
<<< IPMI rsp
ccode: 0
data_len: 15
msg.netfn: 7
msg.cmd: 1
msg.seq: 0
msg.lun: 0
<<<
>>> IPMI req
msg.data_len: 6
msg.netfn: a
msg.cmd: 43
msg.target_cmd: 0
msg.lun: 0
>>>
<<< IPMI rsp
ccode: 0
data_len: 18
msg.netfn: b
msg.cmd: 43
msg.seq: 0
msg.lun: 0
<<<
>>> IPMI req
msg.data_len: 0
msg.netfn: 6
msg.cmd: 1
msg.target_cmd: 0
msg.lun: 0
>>>
<<< IPMI rsp
ccode: 0
data_len: 15
msg.netfn: 7
msg.cmd: 1
msg.seq: 0
msg.lun: 0
<<<
>>> IPMI req
msg.data_len: 0
msg.netfn: 6
msg.cmd: 1
msg.target_cmd: 0
msg.lun: 0
>>>
<<< IPMI rsp
ccode: 0
data_len: 15
msg.netfn: 7
msg.cmd: 1
msg.seq: 0
msg.lun: 0
<<<
>>> IPMI req
msg.data_len: 0
msg.netfn: 6
msg.cmd: 1
msg.target_cmd: 0
msg.lun: 0
>>>
<<< IPMI rsp
ccode: 0
data_len: 15
msg.netfn: 7
msg.cmd: 1
msg.seq: 0
msg.lun: 0
<<<
>>> IPMI req
msg.data_len: 6
msg.netfn: a
msg.cmd: 43
msg.target_cmd: 0
msg.lun: 0
>>>
<<< IPMI rsp
ccode: 0
data_len: 18
msg.netfn: b
msg.cmd: 43
msg.seq: 0
msg.lun: 0
<<<
>>> IPMI req
msg.data_len: 0
msg.netfn: 6
msg.cmd: 1
msg.target_cmd: 0
msg.lun: 0
>>>
<<< IPMI rsp
ccode: 0
data_len: 15
msg.netfn: 7
msg.cmd: 1
msg.seq: 0
msg.lun: 0
<<<
>>> IPMI req
msg.data_len: 0
msg.netfn: 6
msg.cmd: 1
msg.target_cmd: 0
msg.lun: 0
>>>
<<< IPMI rsp
ccode: 0
data_len: 15
msg.netfn: 7
msg.cmd: 1
msg.seq: 0
msg.lun: 0
<<<
>>> IPMI req
msg.data_len: 0
msg.netfn: 6
msg.cmd: 1
msg.target_cmd: 0
msg.lun: 0
>>>
<<< IPMI rsp
ccode: 0
data_len: 15
msg.netfn: 7
msg.cmd: 1
msg.seq: 0
msg.lun: 0
<<<
>>> IPMI req
msg.data_len: 6
msg.netfn: a
msg.cmd: 43
msg.target_cmd: 0
msg.lun: 0
>>>
<<< IPMI rsp
ccode: 0
data_len: 18
msg.netfn: b
msg.cmd: 43
msg.seq: 0
msg.lun: 0
<<<
>>> IPMI req
msg.data_len: 0
msg.netfn: 6
msg.cmd: 1
msg.target_cmd: 0
msg.lun: 0
>>>
<<< IPMI rsp
ccode: 0
data_len: 15
msg.netfn: 7
msg.cmd: 1
msg.seq: 0
msg.lun: 0
<<<
>>> IPMI req
msg.data_len: 0
msg.netfn: 6
msg.cmd: 1
msg.target_cmd: 0
msg.lun: 0
>>>
<<< IPMI rsp
ccode: 0
data_len: 15
msg.netfn: 7
msg.cmd: 1
msg.seq: 0
msg.lun: 0
<<<
>>> IPMI req
msg.data_len: 0
msg.netfn: 6
msg.cmd: 1
msg.target_cmd: 0
msg.lun: 0
>>>
<<< IPMI rsp
ccode: 0
data_len: 15
msg.netfn: 7
msg.cmd: 1
msg.seq: 0
msg.lun: 0
<<<
>>> IPMI req
msg.data_len: 6
msg.netfn: a
msg.cmd: 43
msg.target_cmd: 0
msg.lun: 0
>>>
<<< IPMI rsp
ccode: 0
data_len: 18
msg.netfn: b
msg.cmd: 43
msg.seq: 0
msg.lun: 0
<<<
>>> IPMI req
msg.data_len: 0
msg.netfn: 6
msg.cmd: 1
msg.target_cmd: 0
msg.lun: 0
>>>
<<< IPMI rsp
ccode: 0
data_len: 15
msg.netfn: 7
msg.cmd: 1
msg.seq: 0
msg.lun: 0
<<<
>>> IPMI req
msg.data_len: 0
msg.netfn: 6
msg.cmd: 1
msg.target_cmd: 0
msg.lun: 0
>>>
<<< IPMI rsp
ccode: 0
data_len: 15
msg.netfn: 7
msg.cmd: 1
msg.seq: 0
msg.lun: 0
<<<
>>> IPMI req
msg.data_len: 0
msg.netfn: 6
msg.cmd: 1
msg.target_cmd: 0
msg.lun: 0
>>>
<<< IPMI rsp
ccode: 0
data_len: 15
msg.netfn: 7
msg.cmd: 1
msg.seq: 0
msg.lun: 0
<<<
>>> IPMI req
msg.data_len: 6
msg.netfn: a
msg.cmd: 43
msg.target_cmd: 0
msg.lun: 0
>>>
<<< IPMI rsp
ccode: 0
data_len: 18
msg.netfn: b
msg.cmd: 43
msg.seq: 0
msg.lun: 0
<<<
>>> IPMI req
msg.data_len: 0
msg.netfn: 6
msg.cmd: 1
msg.target_cmd: 0
msg.lun: 0
>>>
<<< IPMI rsp
ccode: 0
data_len: 15
msg.netfn: 7
msg.cmd: 1
msg.seq: 0
msg.lun: 0
<<<
>>> IPMI req
msg.data_len: 0
msg.netfn: 6
msg.cmd: 1
msg.target_cmd: 0
msg.lun: 0
>>>
<<< IPMI rsp
ccode: 0
data_len: 15
msg.netfn: 7
msg.cmd: 1
msg.seq: 0
msg.lun: 0
<<<
>>> IPMI req
msg.data_len: 0
msg.netfn: 6
msg.cmd: 1
msg.target_cmd: 0
msg.lun: 0
>>>
<<< IPMI rsp
ccode: 0
data_len: 15
msg.netfn: 7
msg.cmd: 1
msg.seq: 0
msg.lun: 0
<<<
>>> IPMI req
msg.data_len: 6
msg.netfn: a
msg.cmd: 43
msg.target_cmd: 0
msg.lun: 0
>>>
<<< IPMI rsp
ccode: 0
data_len: 18
msg.netfn: b
msg.cmd: 43
msg.seq: 0
msg.lun: 0
<<<
>>> IPMI req
msg.data_len: 0
msg.netfn: 6
msg.cmd: 1
msg.target_cmd: 0
msg.lun: 0
>>>
<<< IPMI rsp
ccode: 0
data_len: 15
msg.netfn: 7
msg.cmd: 1
msg.seq: 0
msg.lun: 0
<<<
>>> IPMI req
msg.data_len: 0
msg.netfn: 6
msg.cmd: 1
msg.target_cmd: 0
msg.lun: 0
>>>
<<< IPMI rsp
ccode: 0
data_len: 15
msg.netfn: 7
msg.cmd: 1
msg.seq: 0
msg.lun: 0
<<<
>>> IPMI req
msg.data_len: 0
msg.netfn: 6
msg.cmd: 1
msg.target_cmd: 0
msg.lun: 0
>>>
<<< IPMI rsp
ccode: 0
data_len: 15
msg.netfn: 7
msg.cmd: 1
msg.seq: 0
msg.lun: 0
<<<
>>> IPMI req
msg.data_len: 6
msg.netfn: a
msg.cmd: 43
msg.target_cmd: 0
msg.lun: 0
>>>
<<< IPMI rsp
ccode: 0
data_len: 18
msg.netfn: b
msg.cmd: 43
msg.seq: 0
msg.lun: 0
<<<
>>> IPMI req
msg.data_len: 0
msg.netfn: 6
msg.cmd: 1
msg.target_cmd: 0
msg.lun: 0
>>>
<<< IPMI rsp
ccode: 0
data_len: 15
msg.netfn: 7
msg.cmd: 1
msg.seq: 0
msg.lun: 0
<<<
>>> IPMI req
msg.data_len: 0
msg.netfn: 6
msg.cmd: 1
msg.target_cmd: 0
msg.lun: 0
>>>
<<< IPMI rsp
ccode: 0
data_len: 15
msg.netfn: 7
msg.cmd: 1
msg.seq: 0
msg.lun: 0
<<<
>>> IPMI req
msg.data_len: 0
msg.netfn: 6
msg.cmd: 1
msg.target_cmd: 0
msg.lun: 0
>>>
<<< IPMI rsp
ccode: 0
data_len: 15
msg.netfn: 7
msg.cmd: 1
msg.seq: 0
msg.lun: 0
<<<
>>> IPMI req
msg.data_len: 0
msg.netfn: 6
msg.cmd: 1
msg.target_cmd: 0
msg.lun: 0
>>>
<<< IPMI rsp
ccode: 0
data_len: 15
msg.netfn: 7
msg.cmd: 1
msg.seq: 0
msg.lun: 0
<<<
>>> IPMI req
msg.data_len: 0
msg.netfn: 6
msg.cmd: 1
msg.target_cmd: 0
msg.lun: 0
>>>
<<< IPMI rsp
ccode: 0
data_len: 15
msg.netfn: 7
msg.cmd: 1
msg.seq: 0
msg.lun: 0
<<<
>>> IPMI req
msg.data_len: 0
msg.netfn: 6
msg.cmd: 1
msg.target_cmd: 0
msg.lun: 0
>>>
<<< IPMI rsp
ccode: 0
data_len: 15
msg.netfn: 7
msg.cmd: 1
msg.seq: 0
msg.lun: 0
<<<
>>> IPMI req
msg.data_len: 6
msg.netfn: a
msg.cmd: 43
msg.target_cmd: 0
msg.lun: 0
>>>
<<< IPMI rsp
ccode: 0
data_len: 18
msg.netfn: b
msg.cmd: 43
msg.seq: 0
msg.lun: 0
<<<
>>> IPMI req
msg.data_len: 0
msg.netfn: 6
msg.cmd: 1
msg.target_cmd: 0
msg.lun: 0
>>>
<<< IPMI rsp
ccode: 0
data_len: 15
msg.netfn: 7
msg.cmd: 1
msg.seq: 0
msg.lun: 0
<<<
>>> IPMI req
msg.data_len: 0
msg.netfn: 6
msg.cmd: 1
msg.target_cmd: 0
msg.lun: 0
>>>
<<< IPMI rsp
ccode: 0
data_len: 15
msg.netfn: 7
msg.cmd: 1
msg.seq: 0
msg.lun: 0
<<<
>>> IPMI req
msg.data_len: 0
msg.netfn: 6
msg.cmd: 1
msg.target_cmd: 0
msg.lun: 0
>>>
<<< IPMI rsp
ccode: 0
data_len: 15
msg.netfn: 7
msg.cmd: 1
msg.seq: 0
msg.lun: 0
<<<
>>> IPMI req
msg.data_len: 0
msg.netfn: 6
msg.cmd: 1
msg.target_cmd: 0
msg.lun: 0
>>>
<<< IPMI rsp
ccode: 0
data_len: 15
msg.netfn: 7
msg.cmd: 1
msg.seq: 0
msg.lun: 0
<<<
>>> IPMI req
msg.data_len: 0
msg.netfn: 6
msg.cmd: 1
msg.target_cmd: 0
msg.lun: 0
>>>
<<< IPMI rsp
ccode: 0
data_len: 15
msg.netfn: 7
msg.cmd: 1
msg.seq: 0
msg.lun: 0
<<<
>>> IPMI req
msg.data_len: 0
msg.netfn: 6
msg.cmd: 1
msg.target_cmd: 0
msg.lun: 0
>>>
<<< IPMI rsp
ccode: 0
data_len: 15
msg.netfn: 7
msg.cmd: 1
msg.seq: 0
msg.lun: 0
<<<
>>> IPMI req
msg.data_len: 6
msg.netfn: a
msg.cmd: 43
msg.target_cmd: 0
msg.lun: 0
>>>
<<< IPMI rsp
ccode: 0
data_len: 18
msg.netfn: b
msg.cmd: 43
msg.seq: 0
msg.lun: 0
<<<
>>> IPMI req
msg.data_len: 0
msg.netfn: 6
msg.cmd: 1
msg.target_cmd: 0
msg.lun: 0
>>>
<<< IPMI rsp
ccode: 0
data_len: 15
msg.netfn: 7
msg.cmd: 1
msg.seq: 0
msg.lun: 0
<<<
>>> IPMI req
msg.data_len: 0
msg.netfn: 6
msg.cmd: 1
msg.target_cmd: 0
msg.lun: 0
>>>
<<< IPMI rsp
ccode: 0
data_len: 15
msg.netfn: 7
msg.cmd: 1
msg.seq: 0
msg.lun: 0
<<<
>>> IPMI req
msg.data_len: 0
msg.netfn: 6
msg.cmd: 1
msg.target_cmd: 0
msg.lun: 0
>>>
<<< IPMI rsp
ccode: 0
data_len: 15
msg.netfn: 7
msg.cmd: 1
msg.seq: 0
msg.lun: 0
<<<
>>> IPMI req
msg.data_len: 0
msg.netfn: 6
msg.cmd: 1
msg.target_cmd: 0
msg.lun: 0
>>>
<<< IPMI rsp
ccode: 0
data_len: 15
msg.netfn: 7
msg.cmd: 1
msg.seq: 0
msg.lun: 0
<<<
>>> IPMI req
msg.data_len: 0
msg.netfn: 6
msg.cmd: 1
msg.target_cmd: 0
msg.lun: 0
>>>
<<< IPMI rsp
ccode: 0
data_len: 15
msg.netfn: 7
msg.cmd: 1
msg.seq: 0
msg.lun: 0
<<<
>>> IPMI req
msg.data_len: 0
msg.netfn: 6
msg.cmd: 1
msg.target_cmd: 0
msg.lun: 0
>>>
<<< IPMI rsp
ccode: 0
data_len: 15
msg.netfn: 7
msg.cmd: 1
msg.seq: 0
msg.lun: 0
<<<
>>> IPMI req
msg.data_len: 6
msg.netfn: a
msg.cmd: 43
msg.target_cmd: 0
msg.lun: 0
>>>
<<< IPMI rsp
ccode: 0
data_len: 18
msg.netfn: b
msg.cmd: 43
msg.seq: 0
msg.lun: 0
<<<
>>> IPMI req
msg.data_len: 0
msg.netfn: 6
msg.cmd: 1
msg.target_cmd: 0
msg.lun: 0
>>>
<<< IPMI rsp
ccode: 0
data_len: 15
msg.netfn: 7
msg.cmd: 1
msg.seq: 0
msg.lun: 0
<<<
>>> IPMI req
msg.data_len: 0
msg.netfn: 6
msg.cmd: 1
msg.target_cmd: 0
msg.lun: 0
>>>
<<< IPMI rsp
ccode: 0
data_len: 15
msg.netfn: 7
msg.cmd: 1
msg.seq: 0
msg.lun: 0
<<<
>>> IPMI req
msg.data_len: 0
msg.netfn: 6
msg.cmd: 1
msg.target_cmd: 0
msg.lun: 0
>>>
<<< IPMI rsp
ccode: 0
data_len: 15
msg.netfn: 7
msg.cmd: 1
msg.seq: 0
msg.lun: 0
<<<
>>> IPMI req
msg.data_len: 0
msg.netfn: 6
msg.cmd: 1
msg.target_cmd: 0
msg.lun: 0
>>>
<<< IPMI rsp
ccode: 0
data_len: 15
msg.netfn: 7
msg.cmd: 1
msg.seq: 0
msg.lun: 0
<<<
>>> IPMI req
msg.data_len: 0
msg.netfn: 6
msg.cmd: 1
msg.target_cmd: 0
msg.lun: 0
>>>
<<< IPMI rsp
ccode: 0
data_len: 15
msg.netfn: 7
msg.cmd: 1
msg.seq: 0
msg.lun: 0
<<<
>>> IPMI req
msg.data_len: 0
msg.netfn: 6
msg.cmd: 1
msg.target_cmd: 0
msg.lun: 0
>>>
<<< IPMI rsp
ccode: 0
data_len: 15
msg.netfn: 7
msg.cmd: 1
msg.seq: 0
msg.lun: 0
<<<
>>> IPMI req
msg.data_len: 6
msg.netfn: a
msg.cmd: 43
msg.target_cmd: 0
msg.lun: 0
>>>
<<< IPMI rsp
ccode: 0
data_len: 18
msg.netfn: b
msg.cmd: 43
msg.seq: 0
msg.lun: 0
<<<
>>> IPMI req
msg.data_len: 0
msg.netfn: 6
msg.cmd: 1
msg.target_cmd: 0
msg.lun: 0
>>>
<<< IPMI rsp
ccode: 0
data_len: 15
msg.netfn: 7
msg.cmd: 1
msg.seq: 0
msg.lun: 0
<<<
>>> IPMI req
msg.data_len: 0
msg.netfn: 6
msg.cmd: 1
msg.target_cmd: 0
msg.lun: 0
>>>
<<< IPMI rsp
ccode: 0
data_len: 15
msg.netfn: 7
msg.cmd: 1
msg.seq: 0
msg.lun: 0
<<<
>>> IPMI req
msg.data_len: 0
msg.netfn: 6
msg.cmd: 1
msg.target_cmd: 0
msg.lun: 0
>>>
<<< IPMI rsp
ccode: 0
data_len: 15
msg.netfn: 7
msg.cmd: 1
msg.seq: 0
msg.lun: 0
<<<
>>> IPMI req
msg.data_len: 0
msg.netfn: 6
msg.cmd: 1
msg.target_cmd: 0
msg.lun: 0
>>>
<<< IPMI rsp
ccode: 0
data_len: 15
msg.netfn: 7
msg.cmd: 1
msg.seq: 0
msg.lun: 0
<<<
>>> IPMI req
msg.data_len: 0
msg.netfn: 6
msg.cmd: 1
msg.target_cmd: 0
msg.lun: 0
>>>
<<< IPMI rsp
ccode: 0
data_len: 15
msg.netfn: 7
msg.cmd: 1
msg.seq: 0
msg.lun: 0
<<<
>>> IPMI req
msg.data_len: 0
msg.netfn: 6
msg.cmd: 1
msg.target_cmd: 0
msg.lun: 0
>>>
<<< IPMI rsp
ccode: 0
data_len: 15
msg.netfn: 7
msg.cmd: 1
msg.seq: 0
msg.lun: 0
<<<
>>> IPMI req
msg.data_len: 6
msg.netfn: a
msg.cmd: 43
msg.target_cmd: 0
msg.lun: 0
>>>
<<< IPMI rsp
ccode: 0
data_len: 18
msg.netfn: b
msg.cmd: 43
msg.seq: 0
msg.lun: 0
<<<
>>> IPMI req
msg.data_len: 0
msg.netfn: 6
msg.cmd: 1
msg.target_cmd: 0
msg.lun: 0
>>>
<<< IPMI rsp
ccode: 0
data_len: 15
msg.netfn: 7
msg.cmd: 1
msg.seq: 0
msg.lun: 0
<<<
>>> IPMI req
msg.data_len: 0
msg.netfn: 6
msg.cmd: 1
msg.target_cmd: 0
msg.lun: 0
>>>
<<< IPMI rsp
ccode: 0
data_len: 15
msg.netfn: 7
msg.cmd: 1
msg.seq: 0
msg.lun: 0
<<<
>>> IPMI req
msg.data_len: 0
msg.netfn: 6
msg.cmd: 1
msg.target_cmd: 0
msg.lun: 0
>>>
<<< IPMI rsp
ccode: 0
data_len: 15
msg.netfn: 7
msg.cmd: 1
msg.seq: 0
msg.lun: 0
<<<
>>> IPMI req
msg.data_len: 0
msg.netfn: 6
msg.cmd: 1
msg.target_cmd: 0
msg.lun: 0
>>>
<<< IPMI rsp
ccode: 0
data_len: 15
msg.netfn: 7
msg.cmd: 1
msg.seq: 0
msg.lun: 0
<<<
>>> IPMI req
msg.data_len: 0
msg.netfn: 6
msg.cmd: 1
msg.target_cmd: 0
msg.lun: 0
>>>
<<< IPMI rsp
ccode: 0
data_len: 15
msg.netfn: 7
msg.cmd: 1
msg.seq: 0
msg.lun: 0
<<<
>>> IPMI req
msg.data_len: 0
msg.netfn: 6
msg.cmd: 1
msg.target_cmd: 0
msg.lun: 0
>>>
<<< IPMI rsp
ccode: 0
data_len: 15
msg.netfn: 7
msg.cmd: 1
msg.seq: 0
msg.lun: 0
<<<
>>> IPMI req
msg.data_len: 6
msg.netfn: a
msg.cmd: 43
msg.target_cmd: 0
msg.lun: 0
>>>
<<< IPMI rsp
ccode: 0
data_len: 18
msg.netfn: b
msg.cmd: 43
msg.seq: 0
msg.lun: 0
<<<
>>> IPMI req
msg.data_len: 0
msg.netfn: 6
msg.cmd: 1
msg.target_cmd: 0
msg.lun: 0
>>>
<<< IPMI rsp
ccode: 0
data_len: 15
msg.netfn: 7
msg.cmd: 1
msg.seq: 0
msg.lun: 0
<<<
>>> IPMI req
msg.data_len: 0
msg.netfn: 6
msg.cmd: 1
msg.target_cmd: 0
msg.lun: 0
>>>
<<< IPMI rsp
ccode: 0
data_len: 15
msg.netfn: 7
msg.cmd: 1
msg.seq: 0
msg.lun: 0
<<<
>>> IPMI req
msg.data_len: 0
msg.netfn: 6
msg.cmd: 1
msg.target_cmd: 0
msg.lun: 0
>>>
<<< IPMI rsp
ccode: 0
data_len: 15
msg.netfn: 7
msg.cmd: 1
msg.seq: 0
msg.lun: 0
<<<
>>> IPMI req
msg.data_len: 0
msg.netfn: 6
msg.cmd: 1
msg.target_cmd: 0
msg.lun: 0
>>>
<<< IPMI rsp
ccode: 0
data_len: 15
msg.netfn: 7
msg.cmd: 1
msg.seq: 0
msg.lun: 0
<<<
>>> IPMI req
msg.data_len: 0
msg.netfn: 6
msg.cmd: 1
msg.target_cmd: 0
msg.lun: 0
>>>
<<< IPMI rsp
ccode: 0
data_len: 15
msg.netfn: 7
msg.cmd: 1
msg.seq: 0
msg.lun: 0
<<<
>>> IPMI req
msg.data_len: 0
msg.netfn: 6
msg.cmd: 1
msg.target_cmd: 0
msg.lun: 0
>>>
<<< IPMI rsp
ccode: 0
data_len: 15
msg.netfn: 7
msg.cmd: 1
msg.seq: 0
msg.lun: 0
<<<
>>> IPMI req
msg.data_len: 6
msg.netfn: a
msg.cmd: 43
msg.target_cmd: 0
msg.lun: 0
>>>
<<< IPMI rsp
ccode: 0
data_len: 18
msg.netfn: b
msg.cmd: 43
msg.seq: 0
msg.lun: 0
<<<
>>> IPMI req
msg.data_len: 0
msg.netfn: 6
msg.cmd: 1
msg.target_cmd: 0
msg.lun: 0
>>>
<<< IPMI rsp
ccode: 0
data_len: 15
msg.netfn: 7
msg.cmd: 1
msg.seq: 0
msg.lun: 0
<<<
>>> IPMI req
msg.data_len: 0
msg.netfn: 6
msg.cmd: 1
msg.target_cmd: 0
msg.lun: 0
>>>
<<< IPMI rsp
ccode: 0
data_len: 15
msg.netfn: 7
msg.cmd: 1
msg.seq: 0
msg.lun: 0
<<<
>>> IPMI req
msg.data_len: 0
msg.netfn: 6
msg.cmd: 1
msg.target_cmd: 0
msg.lun: 0
>>>
<<< IPMI rsp
ccode: 0
data_len: 15
msg.netfn: 7
msg.cmd: 1
msg.seq: 0
msg.lun: 0
<<<
>>> IPMI req
msg.data_len: 0
msg.netfn: 6
msg.cmd: 1
msg.target_cmd: 0
msg.lun: 0
>>>
<<< IPMI rsp
ccode: 0
data_len: 15
msg.netfn: 7
msg.cmd: 1
msg.seq: 0
msg.lun: 0
<<<
>>> IPMI req
msg.data_len: 0
msg.netfn: 6
msg.cmd: 1
msg.target_cmd: 0
msg.lun: 0
>>>
<<< IPMI rsp
ccode: 0
data_len: 15
msg.netfn: 7
msg.cmd: 1
msg.seq: 0
msg.lun: 0
<<<
>>> IPMI req
msg.data_len: 0
msg.netfn: 6
msg.cmd: 1
msg.target_cmd: 0
msg.lun: 0
>>>
<<< IPMI rsp
ccode: 0
data_len: 15
msg.netfn: 7
msg.cmd: 1
msg.seq: 0
msg.lun: 0
<<<
>>> IPMI req
msg.data_len: 6
msg.netfn: a
msg.cmd: 43
msg.target_cmd: 0
msg.lun: 0
>>>
<<< IPMI rsp
ccode: 0
data_len: 18
msg.netfn: b
msg.cmd: 43
msg.seq: 0
msg.lun: 0
<<<
>>> IPMI req
msg.data_len: 0
msg.netfn: 6
msg.cmd: 1
msg.target_cmd: 0
msg.lun: 0
>>>
<<< IPMI rsp
ccode: 0
data_len: 15
msg.netfn: 7
msg.cmd: 1
msg.seq: 0
msg.lun: 0
<<<
>>> IPMI req
msg.data_len: 0
msg.netfn: 6
msg.cmd: 1
msg.target_cmd: 0
msg.lun: 0
>>>
<<< IPMI rsp
ccode: 0
data_len: 15
msg.netfn: 7
msg.cmd: 1
msg.seq: 0
msg.lun: 0
<<<
>>> IPMI req
msg.data_len: 0
msg.netfn: 6
msg.cmd: 1
msg.target_cmd: 0
msg.lun: 0
>>>
<<< IPMI rsp
ccode: 0
data_len: 15
msg.netfn: 7
msg.cmd: 1
msg.seq: 0
msg.lun: 0
<<<
>>> IPMI req
msg.data_len: 0
msg.netfn: 6
msg.cmd: 1
msg.target_cmd: 0
msg.lun: 0
>>>
<<< IPMI rsp
ccode: 0
data_len: 15
msg.netfn: 7
msg.cmd: 1
msg.seq: 0
msg.lun: 0
<<<
#!section requests
> netfn=0x2c lun=0x00 cmd=0x00 target_cmd=0x00 data=00
< rule=default ccode=0xc1 len=0 data=
> netfn=0x2c lun=0x00 cmd=0x00 target_cmd=0x00 data=03
< rule=default ccode=0xc1 len=0 data=
> netfn=0x0a lun=0x00 cmd=0x40 target_cmd=0x00 data=
< rule=get_sel_info ccode=0x00 len=14 data=51 17 00 ff ff 00 e3 0b 5e 00 00 00 00 0a
> netfn=0x0a lun=0x00 cmd=0x43 target_cmd=0x00 data=00 00 00 00 00 ff
< rule=get_sel_0000 ccode=0x00 len=18 data=01 00 01 a0 02 4d 3e 2f 6a 20 00 04 0c 1c 6f a0 0f 03
> netfn=0x06 lun=0x00 cmd=0x01 target_cmd=0x00 data=
< rule=get_device_id ccode=0x00 len=15 data=20 81 02 03 02 bf a2 02 00 01 00 00 00 00 00
> netfn=0x06 lun=0x00 cmd=0x01 target_cmd=0x00 data=
< rule=get_device_id ccode=0x00 len=15 data=20 81 02 03 02 bf a2 02 00 01 00 00 00 00 00
> netfn=0x06 lun=0x00 cmd=0x01 target_cmd=0x00 data=
< rule=get_device_id ccode=0x00 len=15 data=20 81 02 03 02 bf a2 02 00 01 00 00 00 00 00
> netfn=0x06 lun=0x00 cmd=0x01 target_cmd=0x00 data=
< rule=get_device_id ccode=0x00 len=15 data=20 81 02 03 02 bf a2 02 00 01 00 00 00 00 00
> netfn=0x0a lun=0x00 cmd=0x43 target_cmd=0x00 data=00 00 01 00 00 ff
< rule=get_sel_0001 ccode=0x00 len=18 data=02 00 02 a0 02 4d 3e 2f 6a 20 00 04 0c 1c 6f 80 0f 03
> netfn=0x06 lun=0x00 cmd=0x01 target_cmd=0x00 data=
< rule=get_device_id ccode=0x00 len=15 data=20 81 02 03 02 bf a2 02 00 01 00 00 00 00 00
> netfn=0x06 lun=0x00 cmd=0x01 target_cmd=0x00 data=
< rule=get_device_id ccode=0x00 len=15 data=20 81 02 03 02 bf a2 02 00 01 00 00 00 00 00
> netfn=0x06 lun=0x00 cmd=0x01 target_cmd=0x00 data=
< rule=get_device_id ccode=0x00 len=15 data=20 81 02 03 02 bf a2 02 00 01 00 00 00 00 00
> netfn=0x06 lun=0x00 cmd=0x01 target_cmd=0x00 data=
< rule=get_device_id ccode=0x00 len=15 data=20 81 02 03 02 bf a2 02 00 01 00 00 00 00 00
> netfn=0x0a lun=0x00 cmd=0x43 target_cmd=0x00 data=00 00 02 00 00 ff
< rule=get_sel_0002 ccode=0x00 len=18 data=03 00 03 a0 02 4d 3e 2f 6a 20 00 04 0c 1c 6f 20 0f 03
> netfn=0x06 lun=0x00 cmd=0x01 target_cmd=0x00 data=
< rule=get_device_id ccode=0x00 len=15 data=20 81 02 03 02 bf a2 02 00 01 00 00 00 00 00
> netfn=0x06 lun=0x00 cmd=0x01 target_cmd=0x00 data=
< rule=get_device_id ccode=0x00 len=15 data=20 81 02 03 02 bf a2 02 00 01 00 00 00 00 00
> netfn=0x06 lun=0x00 cmd=0x01 target_cmd=0x00 data=
< rule=get_device_id ccode=0x00 len=15 data=20 81 02 03 02 bf a2 02 00 01 00 00 00 00 00
> netfn=0x06 lun=0x00 cmd=0x01 target_cmd=0x00 data=
< rule=get_device_id ccode=0x00 len=15 data=20 81 02 03 02 bf a2 02 00 01 00 00 00 00 00
> netfn=0x0a lun=0x00 cmd=0x43 target_cmd=0x00 data=00 00 03 00 00 ff
< rule=get_sel_0003 ccode=0x00 len=18 data=04 00 11 a0 02 4d 3e 2f 6a 20 00 04 0c 20 6f 80 f3 03
> netfn=0x06 lun=0x00 cmd=0x01 target_cmd=0x00 data=
< rule=get_device_id ccode=0x00 len=15 data=20 81 02 03 02 bf a2 02 00 01 00 00 00 00 00
> netfn=0x06 lun=0x00 cmd=0x01 target_cmd=0x00 data=
< rule=get_device_id ccode=0x00 len=15 data=20 81 02 03 02 bf a2 02 00 01 00 00 00 00 00
> netfn=0x06 lun=0x00 cmd=0x01 target_cmd=0x00 data=
< rule=get_device_id ccode=0x00 len=15 data=20 81 02 03 02 bf a2 02 00 01 00 00 00 00 00
> netfn=0x06 lun=0x00 cmd=0x01 target_cmd=0x00 data=
< rule=get_device_id ccode=0x00 len=15 data=20 81 02 03 02 bf a2 02 00 01 00 00 00 00 00
> netfn=0x0a lun=0x00 cmd=0x43 target_cmd=0x00 data=00 00 04 00 00 ff
< rule=get_sel_0004 ccode=0x00 len=18 data=05 00 12 a0 02 4d 3e 2f 6a 20 00 04 0c 20 6f 80 73 03
> netfn=0x06 lun=0x00 cmd=0x01 target_cmd=0x00 data=
< rule=get_device_id ccode=0x00 len=15 data=20 81 02 03 02 bf a2 02 00 01 00 00 00 00 00
> netfn=0x06 lun=0x00 cmd=0x01 target_cmd=0x00 data=
< rule=get_device_id ccode=0x00 len=15 data=20 81 02 03 02 bf a2 02 00 01 00 00 00 00 00
> netfn=0x06 lun=0x00 cmd=0x01 target_cmd=0x00 data=
< rule=get_device_id ccode=0x00 len=15 data=20 81 02 03 02 bf a2 02 00 01 00 00 00 00 00
> netfn=0x06 lun=0x00 cmd=0x01 target_cmd=0x00 data=
< rule=get_device_id ccode=0x00 len=15 data=20 81 02 03 02 bf a2 02 00 01 00 00 00 00 00
> netfn=0x0a lun=0x00 cmd=0x43 target_cmd=0x00 data=00 00 05 00 00 ff
< rule=get_sel_0005 ccode=0x00 len=18 data=06 00 13 a0 02 4d 3e 2f 6a 20 00 04 0c 20 6f 80 23 03
> netfn=0x06 lun=0x00 cmd=0x01 target_cmd=0x00 data=
< rule=get_device_id ccode=0x00 len=15 data=20 81 02 03 02 bf a2 02 00 01 00 00 00 00 00
> netfn=0x06 lun=0x00 cmd=0x01 target_cmd=0x00 data=
< rule=get_device_id ccode=0x00 len=15 data=20 81 02 03 02 bf a2 02 00 01 00 00 00 00 00
> netfn=0x06 lun=0x00 cmd=0x01 target_cmd=0x00 data=
< rule=get_device_id ccode=0x00 len=15 data=20 81 02 03 02 bf a2 02 00 01 00 00 00 00 00
> netfn=0x06 lun=0x00 cmd=0x01 target_cmd=0x00 data=
< rule=get_device_id ccode=0x00 len=15 data=20 81 02 03 02 bf a2 02 00 01 00 00 00 00 00
> netfn=0x0a lun=0x00 cmd=0x43 target_cmd=0x00 data=00 00 06 00 00 ff
< rule=get_sel_0006 ccode=0x00 len=18 data=07 00 21 a0 02 4d 3e 2f 6a 20 00 04 20 30 6f a0 11 01
> netfn=0x06 lun=0x00 cmd=0x01 target_cmd=0x00 data=
< rule=get_device_id ccode=0x00 len=15 data=20 81 02 03 02 bf a2 02 00 01 00 00 00 00 00
> netfn=0x06 lun=0x00 cmd=0x01 target_cmd=0x00 data=
< rule=get_device_id ccode=0x00 len=15 data=20 81 02 03 02 bf a2 02 00 01 00 00 00 00 00
> netfn=0x06 lun=0x00 cmd=0x01 target_cmd=0x00 data=
< rule=get_device_id ccode=0x00 len=15 data=20 81 02 03 02 bf a2 02 00 01 00 00 00 00 00
> netfn=0x0a lun=0x00 cmd=0x43 target_cmd=0x00 data=00 00 07 00 00 ff
< rule=get_sel_0007 ccode=0x00 len=18 data=08 00 22 a0 02 4d 3e 2f 6a 20 00 04 20 30 6f 80 11 01
> netfn=0x06 lun=0x00 cmd=0x01 target_cmd=0x00 data=
< rule=get_device_id ccode=0x00 len=15 data=20 81 02 03 02 bf a2 02 00 01 00 00 00 00 00
> netfn=0x06 lun=0x00 cmd=0x01 target_cmd=0x00 data=
< rule=get_device_id ccode=0x00 len=15 data=20 81 02 03 02 bf a2 02 00 01 00 00 00 00 00
> netfn=0x06 lun=0x00 cmd=0x01 target_cmd=0x00 data=
< rule=get_device_id ccode=0x00 len=15 data=20 81 02 03 02 bf a2 02 00 01 00 00 00 00 00
> netfn=0x0a lun=0x00 cmd=0x43 target_cmd=0x00 data=00 00 08 00 00 ff
< rule=get_sel_0008 ccode=0x00 len=18 data=09 00 23 a0 02 4d 3e 2f 6a 20 00 04 20 30 6f 20 11 01
> netfn=0x06 lun=0x00 cmd=0x01 target_cmd=0x00 data=
< rule=get_device_id ccode=0x00 len=15 data=20 81 02 03 02 bf a2 02 00 01 00 00 00 00 00
> netfn=0x06 lun=0x00 cmd=0x01 target_cmd=0x00 data=
< rule=get_device_id ccode=0x00 len=15 data=20 81 02 03 02 bf a2 02 00 01 00 00 00 00 00
> netfn=0x06 lun=0x00 cmd=0x01 target_cmd=0x00 data=
< rule=get_device_id ccode=0x00 len=15 data=20 81 02 03 02 bf a2 02 00 01 00 00 00 00 00
> netfn=0x0a lun=0x00 cmd=0x43 target_cmd=0x00 data=00 00 09 00 00 ff
< rule=get_sel_0009 ccode=0x00 len=18 data=0a 00 31 a0 02 4d 3e 2f 6a 20 00 04 2b 31 6f a2 02 00
> netfn=0x06 lun=0x00 cmd=0x01 target_cmd=0x00 data=
< rule=get_device_id ccode=0x00 len=15 data=20 81 02 03 02 bf a2 02 00 01 00 00 00 00 00
> netfn=0x06 lun=0x00 cmd=0x01 target_cmd=0x00 data=
< rule=get_device_id ccode=0x00 len=15 data=20 81 02 03 02 bf a2 02 00 01 00 00 00 00 00
> netfn=0x06 lun=0x00 cmd=0x01 target_cmd=0x00 data=
< rule=get_device_id ccode=0x00 len=15 data=20 81 02 03 02 bf a2 02 00 01 00 00 00 00 00
> netfn=0x0a lun=0x00 cmd=0x43 target_cmd=0x00 data=00 00 0a 00 00 ff
< rule=get_sel_000a ccode=0x00 len=18 data=0b 00 32 a0 02 4d 3e 2f 6a 20 00 04 2b 31 6f a1 02 00
> netfn=0x06 lun=0x00 cmd=0x01 target_cmd=0x00 data=
< rule=get_device_id ccode=0x00 len=15 data=20 81 02 03 02 bf a2 02 00 01 00 00 00 00 00
> netfn=0x06 lun=0x00 cmd=0x01 target_cmd=0x00 data=
< rule=get_device_id ccode=0x00 len=15 data=20 81 02 03 02 bf a2 02 00 01 00 00 00 00 00
> netfn=0x06 lun=0x00 cmd=0x01 target_cmd=0x00 data=
< rule=get_device_id ccode=0x00 len=15 data=20 81 02 03 02 bf a2 02 00 01 00 00 00 00 00
> netfn=0x0a lun=0x00 cmd=0x43 target_cmd=0x00 data=00 00 0b 00 00 ff
< rule=get_sel_000b ccode=0x00 len=18 data=0c 00 33 a0 02 4d 3e 2f 6a 20 00 04 2b 31 6f 22 02 00
> netfn=0x06 lun=0x00 cmd=0x01 target_cmd=0x00 data=
< rule=get_device_id ccode=0x00 len=15 data=20 81 02 03 02 bf a2 02 00 01 00 00 00 00 00
> netfn=0x06 lun=0x00 cmd=0x01 target_cmd=0x00 data=
< rule=get_device_id ccode=0x00 len=15 data=20 81 02 03 02 bf a2 02 00 01 00 00 00 00 00
> netfn=0x06 lun=0x00 cmd=0x01 target_cmd=0x00 data=
< rule=get_device_id ccode=0x00 len=15 data=20 81 02 03 02 bf a2 02 00 01 00 00 00 00 00
> netfn=0x0a lun=0x00 cmd=0x43 target_cmd=0x00 data=00 00 0c 00 00 ff
< rule=get_sel_000c ccode=0x00 len=18 data=0d 00 34 a0 02 4d 3e 2f 6a 20 00 04 2b 31 6f 82 02 00
> netfn=0x06 lun=0x00 cmd=0x01 target_cmd=0x00 data=
< rule=get_device_id ccode=0x00 len=15 data=20 81 02 03 02 bf a2 02 00 01 00 00 00 00 00
> netfn=0x06 lun=0x00 cmd=0x01 target_cmd=0x00 data=
< rule=get_device_id ccode=0x00 len=15 data=20 81 02 03 02 bf a2 02 00 01 00 00 00 00 00
> netfn=0x06 lun=0x00 cmd=0x01 target_cmd=0x00 data=
< rule=get_device_id ccode=0x00 len=15 data=20 81 02 03 02 bf a2 02 00 01 00 00 00 00 00
> netfn=0x0a lun=0x00 cmd=0x43 target_cmd=0x00 data=00 00 0d 00 00 ff
< rule=get_sel_000d ccode=0x00 len=18 data=0e 00 35 a0 02 4d 3e 2f 6a 20 00 04 2b 31 6f a2 02 01
> netfn=0x06 lun=0x00 cmd=0x01 target_cmd=0x00 data=
< rule=get_device_id ccode=0x00 len=15 data=20 81 02 03 02 bf a2 02 00 01 00 00 00 00 00
> netfn=0x06 lun=0x00 cmd=0x01 target_cmd=0x00 data=
< rule=get_device_id ccode=0x00 len=15 data=20 81 02 03 02 bf a2 02 00 01 00 00 00 00 00
> netfn=0x06 lun=0x00 cmd=0x01 target_cmd=0x00 data=
< rule=get_device_id ccode=0x00 len=15 data=20 81 02 03 02 bf a2 02 00 01 00 00 00 00 00
> netfn=0x0a lun=0x00 cmd=0x43 target_cmd=0x00 data=00 00 0e 00 00 ff
< rule=get_sel_000e ccode=0x00 len=18 data=0f 00 41 a0 02 4d 3e 2f 6a 20 00 04 c1 25 6f a1 5a 35
> netfn=0x06 lun=0x00 cmd=0x01 target_cmd=0x00 data=
< rule=get_device_id ccode=0x00 len=15 data=20 81 02 03 02 bf a2 02 00 01 00 00 00 00 00
> netfn=0x06 lun=0x00 cmd=0x01 target_cmd=0x00 data=
< rule=get_device_id ccode=0x00 len=15 data=20 81 02 03 02 bf a2 02 00 01 00 00 00 00 00
> netfn=0x06 lun=0x00 cmd=0x01 target_cmd=0x00 data=
< rule=get_device_id ccode=0x00 len=15 data=20 81 02 03 02 bf a2 02 00 01 00 00 00 00 00
> netfn=0x06 lun=0x00 cmd=0x01 target_cmd=0x00 data=
< rule=get_device_id ccode=0x00 len=15 data=20 81 02 03 02 bf a2 02 00 01 00 00 00 00 00
> netfn=0x06 lun=0x00 cmd=0x01 target_cmd=0x00 data=
< rule=get_device_id ccode=0x00 len=15 data=20 81 02 03 02 bf a2 02 00 01 00 00 00 00 00
> netfn=0x06 lun=0x00 cmd=0x01 target_cmd=0x00 data=
< rule=get_device_id ccode=0x00 len=15 data=20 81 02 03 02 bf a2 02 00 01 00 00 00 00 00
> netfn=0x0a lun=0x00 cmd=0x43 target_cmd=0x00 data=00 00 0f 00 00 ff
< rule=get_sel_000f ccode=0x00 len=18 data=10 00 42 a0 02 4d 3e 2f 6a 20 00 04 c1 25 6f 21 5a 35
> netfn=0x06 lun=0x00 cmd=0x01 target_cmd=0x00 data=
< rule=get_device_id ccode=0x00 len=15 data=20 81 02 03 02 bf a2 02 00 01 00 00 00 00 00
> netfn=0x06 lun=0x00 cmd=0x01 target_cmd=0x00 data=
< rule=get_device_id ccode=0x00 len=15 data=20 81 02 03 02 bf a2 02 00 01 00 00 00 00 00
> netfn=0x06 lun=0x00 cmd=0x01 target_cmd=0x00 data=
< rule=get_device_id ccode=0x00 len=15 data=20 81 02 03 02 bf a2 02 00 01 00 00 00 00 00
> netfn=0x06 lun=0x00 cmd=0x01 target_cmd=0x00 data=
< rule=get_device_id ccode=0x00 len=15 data=20 81 02 03 02 bf a2 02 00 01 00 00 00 00 00
> netfn=0x06 lun=0x00 cmd=0x01 target_cmd=0x00 data=
< rule=get_device_id ccode=0x00 len=15 data=20 81 02 03 02 bf a2 02 00 01 00 00 00 00 00
> netfn=0x06 lun=0x00 cmd=0x01 target_cmd=0x00 data=
< rule=get_device_id ccode=0x00 len=15 data=20 81 02 03 02 bf a2 02 00 01 00 00 00 00 00
> netfn=0x0a lun=0x00 cmd=0x43 target_cmd=0x00 data=00 00 10 00 00 ff
< rule=get_sel_0010 ccode=0x00 len=18 data=11 00 43 a0 02 4d 3e 2f 6a 20 00 04 c1 25 6f 81 5a 35
> netfn=0x06 lun=0x00 cmd=0x01 target_cmd=0x00 data=
< rule=get_device_id ccode=0x00 len=15 data=20 81 02 03 02 bf a2 02 00 01 00 00 00 00 00
> netfn=0x06 lun=0x00 cmd=0x01 target_cmd=0x00 data=
< rule=get_device_id ccode=0x00 len=15 data=20 81 02 03 02 bf a2 02 00 01 00 00 00 00 00
> netfn=0x06 lun=0x00 cmd=0x01 target_cmd=0x00 data=
< rule=get_device_id ccode=0x00 len=15 data=20 81 02 03 02 bf a2 02 00 01 00 00 00 00 00
> netfn=0x06 lun=0x00 cmd=0x01 target_cmd=0x00 data=
< rule=get_device_id ccode=0x00 len=15 data=20 81 02 03 02 bf a2 02 00 01 00 00 00 00 00
> netfn=0x06 lun=0x00 cmd=0x01 target_cmd=0x00 data=
< rule=get_device_id ccode=0x00 len=15 data=20 81 02 03 02 bf a2 02 00 01 00 00 00 00 00
> netfn=0x06 lun=0x00 cmd=0x01 target_cmd=0x00 data=
< rule=get_device_id ccode=0x00 len=15 data=20 81 02 03 02 bf a2 02 00 01 00 00 00 00 00
> netfn=0x0a lun=0x00 cmd=0x43 target_cmd=0x00 data=00 00 11 00 00 ff
< rule=get_sel_0011 ccode=0x00 len=18 data=12 00 51 a0 02 4d 3e 2f 6a 20 00 04 c2 29 6f a2 5a 35
> netfn=0x06 lun=0x00 cmd=0x01 target_cmd=0x00 data=
< rule=get_device_id ccode=0x00 len=15 data=20 81 02 03 02 bf a2 02 00 01 00 00 00 00 00
> netfn=0x06 lun=0x00 cmd=0x01 target_cmd=0x00 data=
< rule=get_device_id ccode=0x00 len=15 data=20 81 02 03 02 bf a2 02 00 01 00 00 00 00 00
> netfn=0x06 lun=0x00 cmd=0x01 target_cmd=0x00 data=
< rule=get_device_id ccode=0x00 len=15 data=20 81 02 03 02 bf a2 02 00 01 00 00 00 00 00
> netfn=0x06 lun=0x00 cmd=0x01 target_cmd=0x00 data=
< rule=get_device_id ccode=0x00 len=15 data=20 81 02 03 02 bf a2 02 00 01 00 00 00 00 00
> netfn=0x06 lun=0x00 cmd=0x01 target_cmd=0x00 data=
< rule=get_device_id ccode=0x00 len=15 data=20 81 02 03 02 bf a2 02 00 01 00 00 00 00 00
> netfn=0x06 lun=0x00 cmd=0x01 target_cmd=0x00 data=
< rule=get_device_id ccode=0x00 len=15 data=20 81 02 03 02 bf a2 02 00 01 00 00 00 00 00
> netfn=0x0a lun=0x00 cmd=0x43 target_cmd=0x00 data=00 00 12 00 00 ff
< rule=get_sel_0012 ccode=0x00 len=18 data=13 00 52 a0 02 4d 3e 2f 6a 20 00 04 c2 29 6f 22 5a 35
> netfn=0x06 lun=0x00 cmd=0x01 target_cmd=0x00 data=
< rule=get_device_id ccode=0x00 len=15 data=20 81 02 03 02 bf a2 02 00 01 00 00 00 00 00
> netfn=0x06 lun=0x00 cmd=0x01 target_cmd=0x00 data=
< rule=get_device_id ccode=0x00 len=15 data=20 81 02 03 02 bf a2 02 00 01 00 00 00 00 00
> netfn=0x06 lun=0x00 cmd=0x01 target_cmd=0x00 data=
< rule=get_device_id ccode=0x00 len=15 data=20 81 02 03 02 bf a2 02 00 01 00 00 00 00 00
> netfn=0x06 lun=0x00 cmd=0x01 target_cmd=0x00 data=
< rule=get_device_id ccode=0x00 len=15 data=20 81 02 03 02 bf a2 02 00 01 00 00 00 00 00
> netfn=0x06 lun=0x00 cmd=0x01 target_cmd=0x00 data=
< rule=get_device_id ccode=0x00 len=15 data=20 81 02 03 02 bf a2 02 00 01 00 00 00 00 00
> netfn=0x06 lun=0x00 cmd=0x01 target_cmd=0x00 data=
< rule=get_device_id ccode=0x00 len=15 data=20 81 02 03 02 bf a2 02 00 01 00 00 00 00 00
> netfn=0x0a lun=0x00 cmd=0x43 target_cmd=0x00 data=00 00 13 00 00 ff
< rule=get_sel_0013 ccode=0x00 len=18 data=14 00 53 a0 02 4d 3e 2f 6a 20 00 04 c2 29 6f 82 5a 35
> netfn=0x06 lun=0x00 cmd=0x01 target_cmd=0x00 data=
< rule=get_device_id ccode=0x00 len=15 data=20 81 02 03 02 bf a2 02 00 01 00 00 00 00 00
> netfn=0x06 lun=0x00 cmd=0x01 target_cmd=0x00 data=
< rule=get_device_id ccode=0x00 len=15 data=20 81 02 03 02 bf a2 02 00 01 00 00 00 00 00
> netfn=0x06 lun=0x00 cmd=0x01 target_cmd=0x00 data=
< rule=get_device_id ccode=0x00 len=15 data=20 81 02 03 02 bf a2 02 00 01 00 00 00 00 00
> netfn=0x06 lun=0x00 cmd=0x01 target_cmd=0x00 data=
< rule=get_device_id ccode=0x00 len=15 data=20 81 02 03 02 bf a2 02 00 01 00 00 00 00 00
> netfn=0x06 lun=0x00 cmd=0x01 target_cmd=0x00 data=
< rule=get_device_id ccode=0x00 len=15 data=20 81 02 03 02 bf a2 02 00 01 00 00 00 00 00
> netfn=0x06 lun=0x00 cmd=0x01 target_cmd=0x00 data=
< rule=get_device_id ccode=0x00 len=15 data=20 81 02 03 02 bf a2 02 00 01 00 00 00 00 00
> netfn=0x0a lun=0x00 cmd=0x43 target_cmd=0x00 data=00 00 14 00 00 ff
< rule=get_sel_0014 ccode=0x00 len=18 data=15 00 61 a0 02 4d 3e 2f 6a 20 00 04 c2 30 6f 80 5a 35
> netfn=0x06 lun=0x00 cmd=0x01 target_cmd=0x00 data=
< rule=get_device_id ccode=0x00 len=15 data=20 81 02 03 02 bf a2 02 00 01 00 00 00 00 00
> netfn=0x06 lun=0x00 cmd=0x01 target_cmd=0x00 data=
< rule=get_device_id ccode=0x00 len=15 data=20 81 02 03 02 bf a2 02 00 01 00 00 00 00 00
> netfn=0x06 lun=0x00 cmd=0x01 target_cmd=0x00 data=
< rule=get_device_id ccode=0x00 len=15 data=20 81 02 03 02 bf a2 02 00 01 00 00 00 00 00
> netfn=0x06 lun=0x00 cmd=0x01 target_cmd=0x00 data=
< rule=get_device_id ccode=0x00 len=15 data=20 81 02 03 02 bf a2 02 00 01 00 00 00 00 00
> netfn=0x06 lun=0x00 cmd=0x01 target_cmd=0x00 data=
< rule=get_device_id ccode=0x00 len=15 data=20 81 02 03 02 bf a2 02 00 01 00 00 00 00 00
> netfn=0x06 lun=0x00 cmd=0x01 target_cmd=0x00 data=
< rule=get_device_id ccode=0x00 len=15 data=20 81 02 03 02 bf a2 02 00 01 00 00 00 00 00
> netfn=0x0a lun=0x00 cmd=0x43 target_cmd=0x00 data=00 00 15 00 00 ff
< rule=get_sel_0015 ccode=0x00 len=18 data=16 00 62 a0 02 4d 3e 2f 6a 20 00 04 c2 30 6f 80 5a b5
> netfn=0x06 lun=0x00 cmd=0x01 target_cmd=0x00 data=
< rule=get_device_id ccode=0x00 len=15 data=20 81 02 03 02 bf a2 02 00 01 00 00 00 00 00
> netfn=0x06 lun=0x00 cmd=0x01 target_cmd=0x00 data=
< rule=get_device_id ccode=0x00 len=15 data=20 81 02 03 02 bf a2 02 00 01 00 00 00 00 00
> netfn=0x06 lun=0x00 cmd=0x01 target_cmd=0x00 data=
< rule=get_device_id ccode=0x00 len=15 data=20 81 02 03 02 bf a2 02 00 01 00 00 00 00 00
> netfn=0x06 lun=0x00 cmd=0x01 target_cmd=0x00 data=
< rule=get_device_id ccode=0x00 len=15 data=20 81 02 03 02 bf a2 02 00 01 00 00 00 00 00
> netfn=0x06 lun=0x00 cmd=0x01 target_cmd=0x00 data=
< rule=get_device_id ccode=0x00 len=15 data=20 81 02 03 02 bf a2 02 00 01 00 00 00 00 00
> netfn=0x06 lun=0x00 cmd=0x01 target_cmd=0x00 data=
< rule=get_device_id ccode=0x00 len=15 data=20 81 02 03 02 bf a2 02 00 01 00 00 00 00 00
> netfn=0x0a lun=0x00 cmd=0x43 target_cmd=0x00 data=00 00 16 00 00 ff
< rule=get_sel_0016 ccode=0x00 len=18 data=ff ff 63 a0 02 4d 3e 2f 6a 20 00 04 c2 30 6f 00 20 35
> netfn=0x06 lun=0x00 cmd=0x01 target_cmd=0x00 data=
< rule=get_device_id ccode=0x00 len=15 data=20 81 02 03 02 bf a2 02 00 01 00 00 00 00 00
> netfn=0x06 lun=0x00 cmd=0x01 target_cmd=0x00 data=
< rule=get_device_id ccode=0x00 len=15 data=20 81 02 03 02 bf a2 02 00 01 00 00 00 00 00
> netfn=0x06 lun=0x00 cmd=0x01 target_cmd=0x00 data=
< rule=get_device_id ccode=0x00 len=15 data=20 81 02 03 02 bf a2 02 00 01 00 00 00 00 00
> netfn=0x06 lun=0x00 cmd=0x01 target_cmd=0x00 data=
< rule=get_device_id ccode=0x00 len=15 data=20 81 02 03 02 bf a2 02 00 01 00 00 00 00 00
bye
