#!golden 1
#!case sl_list_empty
#!section exit
0
#!section stdout
#!section stderr
SEL has no entries
#!section requests
> netfn=0x2c lun=0x00 cmd=0x00 target_cmd=0x00 data=00
< rule=default ccode=0xc1 len=0 data=
> netfn=0x2c lun=0x00 cmd=0x00 target_cmd=0x00 data=03
< rule=default ccode=0xc1 len=0 data=
> netfn=0x0a lun=0x00 cmd=0x40 target_cmd=0x00 data=
< rule=get_sel_info ccode=0x00 len=14 data=51 00 00 ff ff 00 00 00 00 00 00 00 00 00
bye
