#!golden 1
#!case sl_many_list_vvv
#!section exit
0
#!section stdout
SEL Record ID          : 1101
 Record Type           : 02
 Timestamp             : 01/01/20 00:08:32 UTC
 Generator ID          : 0020
 EvM Revision          : 04
 Sensor Type           : Temperature
 Sensor Number         : 30
 Event Type            : Threshold
 Event Direction       : Assertion Event
 Event Data            : 51a1b1
 Description           : Lower Non-critical going high

#!section stderr
ipmitool version <VERSION>

Loading IANA PEN Registry...
Running Get PICMG Properties my_addr 0x20, transit 0, target 0x20
>>> IPMI req
msg.data_len: 1
msg.netfn: 2c
msg.cmd: 0
msg.target_cmd: 0
msg.lun: 0
>>>
<<< IPMI rsp
ccode: c1
data_len: 0
msg.netfn: 2d
msg.cmd: 0
msg.seq: 0
msg.lun: 0
<<<
Error response 0xc1 from Get PICMG Properties
Running Get VSO Capabilities my_addr 0x20, transit 0, target 0x20
>>> IPMI req
msg.data_len: 1
msg.netfn: 2c
msg.cmd: 0
msg.target_cmd: 0
msg.lun: 0
>>>
<<< IPMI rsp
ccode: c1
data_len: 0
msg.netfn: 2d
msg.cmd: 0
msg.seq: 0
msg.lun: 0
<<<
Invalid completion code received: Invalid command
Acquire IPMB address
Discovered IPMB address 0x0
Interface address: my_addr 0x20 transit 0:0 target 0x20:0 ipmb_target 0

>>> IPMI req
msg.data_len: 0
msg.netfn: a
msg.cmd: 40
msg.target_cmd: 0
msg.lun: 0
>>>
<<< IPMI rsp
ccode: 0
data_len: 14
msg.netfn: b
msg.cmd: 40
msg.seq: 0
msg.lun: 0
<<<
sel_info (14 bytes)
 51 06 00 ff ff 00 e3 0b 5e 00 00 00 00 0a
SEL Next ID: 0000
>>> IPMI req
msg.data_len: 6
msg.netfn: a
msg.cmd: 43
msg.target_cmd: 0
msg.lun: 0
>>>
<<< IPMI rsp
ccode: 0
data_len: 18
msg.netfn: b
msg.cmd: 43
msg.seq: 0
msg.lun: 0
<<<
SEL Entry: 01110200e30b5e20000401300151a1b1
#!section requests
> netfn=0x2c lun=0x00 cmd=0x00 target_cmd=0x00 data=00
< rule=default ccode=0xc1 len=0 data=
> netfn=0x2c lun=0x00 cmd=0x00 target_cmd=0x00 data=03
< rule=default ccode=0xc1 len=0 data=
> netfn=0x0a lun=0x00 cmd=0x40 target_cmd=0x00 data=
< rule=get_sel_info ccode=0x00 len=14 data=51 06 00 ff ff 00 e3 0b 5e 00 00 00 00 0a
> netfn=0x0a lun=0x00 cmd=0x43 target_cmd=0x00 data=00 00 00 00 00 ff
< rule=get_sel_0000 ccode=0x00 len=18 data=02 11 01 11 02 00 e3 0b 5e 20 00 04 01 30 01 51 a1 b1
bye
