#!golden 1
#!case sl_trunc_notfound
#!section exit
1
#!section stdout
#!section stderr
Get SEL Entry 4242 command failed: Invalid command
#!section requests
> netfn=0x2c lun=0x00 cmd=0x00 target_cmd=0x00 data=00
< rule=default ccode=0xc1 len=0 data=
> netfn=0x2c lun=0x00 cmd=0x00 target_cmd=0x00 data=03
< rule=default ccode=0xc1 len=0 data=
> netfn=0x0a lun=0x00 cmd=0x43 target_cmd=0x00 data=00 00 42 42 00 ff
< rule=default ccode=0xc1 len=0 data=
bye
