#!golden 1
#!case sl_time_get_short
#!section exit
0
#!section stdout
#!section stderr
Get SEL Time command failed: Invalid data length 3
#!section requests
> netfn=0x2c lun=0x00 cmd=0x00 target_cmd=0x00 data=00
< rule=default ccode=0xc1 len=0 data=
> netfn=0x2c lun=0x00 cmd=0x00 target_cmd=0x00 data=03
< rule=default ccode=0xc1 len=0 data=
> netfn=0x0a lun=0x00 cmd=0x48 target_cmd=0x00 data=
< rule=get_sel_time_short ccode=0x00 len=3 data=4d 3e 2f
bye
