#!golden 1
#!case sol_set_invalid_bitrate
#!section exit
1
#!section stdout
#!section stderr
Invalid value "250" for parameter "volatile-bit-rate"
Valid values are serial, 9.6 19.2, 38.4, 57.6 and 115.2
#!section requests
> netfn=0x2c lun=0x00 cmd=0x00 target_cmd=0x00 data=00
< rule=default ccode=0xc1 len=0 data=
> netfn=0x2c lun=0x00 cmd=0x00 target_cmd=0x00 data=03
< rule=default ccode=0xc1 len=0 data=
bye
