#!golden 1
#!case user_chan_getaccess_uid
#!section exit
0
#!section stdout
Maximum User IDs     : 5
Enabled User IDs     : 3

User ID              : 2
User Name            : 0123456789abcdef
Fixed Name           : Yes
Access Available     : call-in / callback
Link Authentication  : disabled
IPMI Messaging       : enabled
Privilege Level      : CALLBACK
Enable Status        : enabled
#!section stderr
#!section requests
> netfn=0x2c lun=0x00 cmd=0x00 target_cmd=0x00 data=00
< rule=default ccode=0xc1 len=0 data=
> netfn=0x2c lun=0x00 cmd=0x00 target_cmd=0x00 data=03
< rule=default ccode=0xc1 len=0 data=
> netfn=0x06 lun=0x00 cmd=0x44 target_cmd=0x00 data=01 02
< rule=get_user_access_2 ccode=0x00 len=4 data=05 43 02 11
> netfn=0x06 lun=0x00 cmd=0x46 target_cmd=0x00 data=02
< rule=get_user_name_2 ccode=0x00 len=16 data=30 31 32 33 34 35 36 37 38 39 61 62 63 64 65 66
bye
