#!golden 1
#!case user_summary_csv
#!section exit
0
#!section stdout
4,1,1
#!section stderr
#!section requests
> netfn=0x2c lun=0x00 cmd=0x00 target_cmd=0x00 data=00
< rule=default ccode=0xc1 len=0 data=
> netfn=0x2c lun=0x00 cmd=0x00 target_cmd=0x00 data=03
< rule=default ccode=0xc1 len=0 data=
> netfn=0x06 lun=0x00 cmd=0x44 target_cmd=0x00 data=01 01
< rule=get_user_access ccode=0x00 len=4 data=04 41 01 34
bye
