#!golden 1
#!case vita_led_cap_long
#!section exit
0
#!section stdout
LED Color Capabilities: BLUE, RED, GREEN, AMBER, ORANGE,\x20
Default LED Color in
      LOCAL control:  invalid
      OVERRIDE state: invalid
#!section stderr
#!section requests
> netfn=0x2c lun=0x00 cmd=0x00 target_cmd=0x00 data=00
< rule=default ccode=0xc1 len=0 data=
> netfn=0x2c lun=0x00 cmd=0x00 target_cmd=0x00 data=03
< rule=vita_discover ccode=0x00 len=7 data=03 11 10 00 01 01 00
> netfn=0x2c lun=0x00 cmd=0x40 target_cmd=0x00 data=03
< rule=vita_ipmb ccode=0x00 len=7 data=03 41 82 ff 00 01 00
> netfn=0x2c lun=0x00 cmd=0x06 target_cmd=0x00 data=03 00 02
< rule=led_cap_long ccode=0x00 len=6 data=03 3e ff 0f 03 99
bye
